Microsoft Windows [Version 10.0.19045.2673]
(c) Microsoft Corporation. All rights reserved.

E:\Project\lw3.io-dao.jnr>git status
fatal: not a git repository (or any of the parent directories): .git

E:\Project\lw3.io-dao.jnr>git init
Initialized empty Git repository in E:/Project/lw3.io-dao.jnr/.git/

E:\Project\lw3.io-dao.jnr>mkdir 1.ens

E:\Project\lw3.io-dao.jnr>dir
 Volume in drive E is project
 Volume Serial Number is 3CB5-0DF3

 Directory of E:\Project\lw3.io-dao.jnr

25-03-2023  05:01    <DIR>          .
25-03-2023  05:01    <DIR>          ..
25-03-2023  05:01    <DIR>          1.ens
24-03-2023  06:06             9,222 index.js
24-03-2023  06:02            20,873 learnweb3punks.png
               2 File(s)         30,095 bytes
               3 Dir(s)   1,016,541,184 bytes free

E:\Project\lw3.io-dao.jnr>cd 1.ens

E:\Project\lw3.io-dao.jnr\1.ens>npx create-next-app@latest
√ What is your project named? ... my-app
√ Would you like to use TypeScript with this project? ... No / Yes
√ Would you like to use ESLint with this project? ... No / Yes
√ Would you like to use `src/` directory with this project? ... No / Yes
√ Would you like to use experimental `app/` directory with this project? ... No / Yes
√ What import alias would you like configured? ... @/*
Creating a new Next.js app in E:\Project\lw3.io-dao.jnr\1.ens\my-app.

Using npm.

Initializing project with template: default


Installing dependencies:
- react
- react-dom
- next


added 17 packages, and audited 18 packages in 38s

2 packages are looking for funding
  run `npm fund` for details

found 0 vulnerabilities
Success! Created my-app at E:\Project\lw3.io-dao.jnr\1.ens\my-app


E:\Project\lw3.io-dao.jnr\1.ens>dir
 Volume in drive E is project
 Volume Serial Number is 3CB5-0DF3

 Directory of E:\Project\lw3.io-dao.jnr\1.ens

25-03-2023  05:02    <DIR>          .
25-03-2023  05:02    <DIR>          ..
25-03-2023  05:03    <DIR>          my-app
               0 File(s)              0 bytes
               3 Dir(s)     842,829,824 bytes free

E:\Project\lw3.io-dao.jnr\1.ens>cd my-app

E:\Project\lw3.io-dao.jnr\1.ens\my-app>npm install web3modal

added 58 packages, and audited 76 packages in 15s

5 packages are looking for funding
  run `npm fund` for details

found 0 vulnerabilities

E:\Project\lw3.io-dao.jnr\1.ens\my-app>npm install ethers@5

added 45 packages, and audited 121 packages in 15s

36 packages are looking for funding
  run `npm fund` for details

found 0 vulnerabilities

E:\Project\lw3.io-dao.jnr\1.ens\my-app>git status
On branch master

No commits yet

Untracked files:
  (use "git add <file>..." to include in what will be committed)
        ../
        ../../terminal-commands.txt

nothing added to commit but untracked files present (use "git add" to track)

E:\Project\lw3.io-dao.jnr\1.ens\my-app>npm run dev

> my-app@0.1.0 dev
> next dev

ready - started server on 0.0.0.0:3000, url: http://localhost:3000
event - compiled client and server successfully in 17.5s (170 modules)
wait  - compiling / (client and server)...
event - compiled client and server successfully in 5.9s (325 modules)
Terminate batch job (Y/N)?
y

E:\Project\lw3.io-dao.jnr\1.ens\my-app>cd ,,
E:\Project\lw3.io-dao.jnr\1.ens\my-app

E:\Project\lw3.io-dao.jnr\1.ens\my-app>cd ../..

E:\Project\lw3.io-dao.jnr>git status
On branch master

No commits yet

Untracked files:
  (use "git add <file>..." to include in what will be committed)
        1.ens/
        terminal-commands.txt

nothing added to commit but untracked files present (use "git add" to track)

E:\Project\lw3.io-dao.jnr>git remote

E:\Project\lw3.io-dao.jnr>git remote add https://github.com/suvrajeet01/lw3.io-dao.jnr.git
usage: git remote add [<options>] <name> <url>

    -f, --fetch           fetch the remote branches
    --tags                import all tags and associated objects when fetching
                          or do not fetch any tag at all (--no-tags)
    -t, --track <branch>  branch(es) to track
    -m, --master <branch>
                          master branch
    --mirror[=(push|fetch)]
                          set up remote as a mirror to push to or fetch from


E:\Project\lw3.io-dao.jnr>git remote add origin https://github.com/suvrajeet01/lw3.io-dao.jnr.git

E:\Project\lw3.io-dao.jnr>git remote
origin

E:\Project\lw3.io-dao.jnr>git branch

E:\Project\lw3.io-dao.jnr>git branch -M trunk

E:\Project\lw3.io-dao.jnr>git branch

E:\Project\lw3.io-dao.jnr>git push -u origin trunk
error: src refspec trunk does not match any
error: failed to push some refs to 'https://github.com/suvrajeet01/lw3.io-dao.jnr.git'

E:\Project\lw3.io-dao.jnr>git status
On branch trunk

No commits yet

Untracked files:
  (use "git add <file>..." to include in what will be committed)
        1.ens/
        terminal-commands.txt

nothing added to commit but untracked files present (use "git add" to track)

E:\Project\lw3.io-dao.jnr>git add .
warning: in the working copy of '1.ens/my-app/.gitignore', LF will be replaced by CRLF the next time Git touches it
warning: in the working copy of '1.ens/my-app/README.md', LF will be replaced by CRLF the next time Git touches it
warning: in the working copy of '1.ens/my-app/jsconfig.json', LF will be replaced by CRLF the next time Git touches it
warning: in the working copy of '1.ens/my-app/next.config.js', LF will be replaced by CRLF the next time Git touches it
warning: in the working copy of '1.ens/my-app/package-lock.json', LF will be replaced by CRLF the next time Git touches it
warning: in the working copy of '1.ens/my-app/package.json', LF will be replaced by CRLF the next time Git touches it
warning: in the working copy of '1.ens/my-app/pages/_app.js', LF will be replaced by CRLF the next time Git touches it
warning: in the working copy of '1.ens/my-app/pages/_document.js', LF will be replaced by CRLF the next time Git touches it
warning: in the working copy of '1.ens/my-app/pages/api/hello.js', LF will be replaced by CRLF the next time Git touches it
warning: in the working copy of '1.ens/my-app/pages/index.js', LF will be replaced by CRLF the next time Git touches it
warning: in the working copy of '1.ens/my-app/styles/Home.module.css', LF will be replaced by CRLF the next time Git touches it
warning: in the working copy of '1.ens/my-app/styles/globals.css', LF will be replaced by CRLF the next time Git touches it

E:\Project\lw3.io-dao.jnr>git commit 1.ens -m "ens"
warning: in the working copy of '1.ens/my-app/.gitignore', LF will be replaced by CRLF the next time Git touches it
warning: in the working copy of '1.ens/my-app/README.md', LF will be replaced by CRLF the next time Git touches it
warning: in the working copy of '1.ens/my-app/jsconfig.json', LF will be replaced by CRLF the next time Git touches it
warning: in the working copy of '1.ens/my-app/next.config.js', LF will be replaced by CRLF the next time Git touches it
warning: in the working copy of '1.ens/my-app/package-lock.json', LF will be replaced by CRLF the next time Git touches it
warning: in the working copy of '1.ens/my-app/package.json', LF will be replaced by CRLF the next time Git touches it
warning: in the working copy of '1.ens/my-app/pages/_app.js', LF will be replaced by CRLF the next time Git touches it
warning: in the working copy of '1.ens/my-app/pages/_document.js', LF will be replaced by CRLF the next time Git touches it
warning: in the working copy of '1.ens/my-app/pages/api/hello.js', LF will be replaced by CRLF the next time Git touches it
warning: in the working copy of '1.ens/my-app/pages/index.js', LF will be replaced by CRLF the next time Git touches it
warning: in the working copy of '1.ens/my-app/styles/Home.module.css', LF will be replaced by CRLF the next time Git touches it
warning: in the working copy of '1.ens/my-app/styles/globals.css', LF will be replaced by CRLF the next time Git touches it
[trunk (root-commit) 92ce5d8] ens
 17 files changed, 2754 insertions(+)
 create mode 100644 1.ens/my-app/.gitignore
 create mode 100644 1.ens/my-app/README.md
 create mode 100644 1.ens/my-app/jsconfig.json
 create mode 100644 1.ens/my-app/next.config.js
 create mode 100644 1.ens/my-app/package-lock.json
 create mode 100644 1.ens/my-app/package.json
 create mode 100644 1.ens/my-app/pages/_app.js
 create mode 100644 1.ens/my-app/pages/_document.js
 create mode 100644 1.ens/my-app/pages/api/hello.js
 create mode 100644 1.ens/my-app/pages/index.js
 create mode 100644 1.ens/my-app/public/favicon.ico
 create mode 100644 1.ens/my-app/public/learnweb3punks.png
 create mode 100644 1.ens/my-app/public/next.svg
 create mode 100644 1.ens/my-app/public/thirteen.svg
 create mode 100644 1.ens/my-app/public/vercel.svg
 create mode 100644 1.ens/my-app/styles/Home.module.css
 create mode 100644 1.ens/my-app/styles/globals.css

E:\Project\lw3.io-dao.jnr>git status
On branch trunk
Changes to be committed:
  (use "git restore --staged <file>..." to unstage)
        new file:   terminal-commands.txt


E:\Project\lw3.io-dao.jnr>git push -u origin trunk
To https://github.com/suvrajeet01/lw3.io-dao.jnr.git
 ! [rejected]        trunk -> trunk (fetch first)
error: failed to push some refs to 'https://github.com/suvrajeet01/lw3.io-dao.jnr.git'
hint: Updates were rejected because the remote contains work that you do
hint: not have locally. This is usually caused by another repository pushing
hint: to the same ref. You may want to first integrate the remote changes
hint: (e.g., 'git pull ...') before pushing again.
hint: See the 'Note about fast-forwards' in 'git push --help' for details.

E:\Project\lw3.io-dao.jnr>git pull --allow-unrelated-histories
remote: Enumerating objects: 3, done.
remote: Counting objects: 100% (3/3), done.
remote: Compressing objects: 100% (2/2), done.
remote: Total 3 (delta 0), reused 0 (delta 0), pack-reused 0
Unpacking objects: 100% (3/3), 669 bytes | 12.00 KiB/s, done.
From https://github.com/suvrajeet01/lw3.io-dao.jnr
 * [new branch]      trunk      -> origin/trunk
There is no tracking information for the current branch.
Please specify which branch you want to merge with.
See git-pull(1) for details.

    git pull <remote> <branch>

If you wish to set tracking information for this branch you can do so with:

    git branch --set-upstream-to=origin/<branch> trunk


E:\Project\lw3.io-dao.jnr>git branch
* trunk

E:\Project\lw3.io-dao.jnr>git push -u origin trunk
To https://github.com/suvrajeet01/lw3.io-dao.jnr.git
 ! [rejected]        trunk -> trunk (non-fast-forward)
error: failed to push some refs to 'https://github.com/suvrajeet01/lw3.io-dao.jnr.git'
hint: Updates were rejected because the tip of your current branch is behind
hint: its remote counterpart. Integrate the remote changes (e.g.
hint: 'git pull ...') before pushing again.
hint: See the 'Note about fast-forwards' in 'git push --help' for details.

E:\Project\lw3.io-dao.jnr>git pull remote trunk --allow-unrelated-histories
fatal: 'remote' does not appear to be a git repository
fatal: Could not read from remote repository.

Please make sure you have the correct access rights
and the repository exists.

E:\Project\lw3.io-dao.jnr>git pull https://github.com/suvrajeet01/lw3.io-dao.jnr trunk --allow-unrelated-histories
From https://github.com/suvrajeet01/lw3.io-dao.jnr
 * branch            trunk      -> FETCH_HEAD
error: Your local changes to the following files would be overwritten by merge:
  terminal-commands.txt
Merge with strategy ort failed.

E:\Project\lw3.io-dao.jnr>git status
On branch trunk
Changes to be committed:
  (use "git restore --staged <file>..." to unstage)
        new file:   terminal-commands.txt


E:\Project\lw3.io-dao.jnr>git branch
* trunk

E:\Project\lw3.io-dao.jnr>git log
commit 92ce5d8c6c68d57a49aebe4efdfce452e672c99c (HEAD -> trunk)
Author: suvrajeet01 <suvrajeetbanerjee34767@gmail.com>
Date:   Sat Mar 25 05:46:01 2023 +0530

    ens

E:\Project\lw3.io-dao.jnr>git log --oneline
92ce5d8 (HEAD -> trunk) ens

E:\Project\lw3.io-dao.jnr>git push -u origin trunk
To https://github.com/suvrajeet01/lw3.io-dao.jnr.git
 ! [rejected]        trunk -> trunk (non-fast-forward)
error: failed to push some refs to 'https://github.com/suvrajeet01/lw3.io-dao.jnr.git'
hint: Updates were rejected because the tip of your current branch is behind
hint: its remote counterpart. Integrate the remote changes (e.g.
hint: 'git pull ...') before pushing again.
hint: See the 'Note about fast-forwards' in 'git push --help' for details.

E:\Project\lw3.io-dao.jnr>git remote -v
origin  https://github.com/suvrajeet01/lw3.io-dao.jnr.git (fetch)
origin  https://github.com/suvrajeet01/lw3.io-dao.jnr.git (push)

E:\Project\lw3.io-dao.jnr>git pull https://github.com/suvrajeet01/lw3.io-dao.jnr --allow-unrelated-histories
From https://github.com/suvrajeet01/lw3.io-dao.jnr
 * branch            HEAD       -> FETCH_HEAD
error: Your local changes to the following files would be overwritten by merge:
  terminal-commands.txt
Merge with strategy ort failed.

E:\Project\lw3.io-dao.jnr>git merge
fatal: No remote for the current branch.

E:\Project\lw3.io-dao.jnr>git branch
* trunk

E:\Project\lw3.io-dao.jnr>git status
On branch trunk
Changes to be committed:
  (use "git restore --staged <file>..." to unstage)
        new file:   terminal-commands.txt


E:\Project\lw3.io-dao.jnr>git commit -m "terminal-commands"
[trunk 4a6707e] terminal-commands
 1 file changed, 0 insertions(+), 0 deletions(-)
 create mode 100644 terminal-commands.txt

E:\Project\lw3.io-dao.jnr>git status
On branch trunk
nothing to commit, working tree clean

E:\Project\lw3.io-dao.jnr>git pull https://github.com/suvrajeet01/lw3.io-dao.jnr --allow-unrelated-histories
From https://github.com/suvrajeet01/lw3.io-dao.jnr
 * branch            HEAD       -> FETCH_HEAD
Merge made by the 'ort' strategy.
 README.md | 2 ++
 1 file changed, 2 insertions(+)
 create mode 100644 README.md

E:\Project\lw3.io-dao.jnr>git status
On branch trunk
nothing to commit, working tree clean

E:\Project\lw3.io-dao.jnr>git push -u origin trunk
Enumerating objects: 31, done.
Counting objects: 100% (31/31), done.
Delta compression using up to 4 threads
Compressing objects: 100% (26/26), done.
Writing objects: 100% (30/30), 52.22 KiB | 5.80 MiB/s, done.
Total 30 (delta 1), reused 0 (delta 0), pack-reused 0
remote: Resolving deltas: 100% (1/1), done.
To https://github.com/suvrajeet01/lw3.io-dao.jnr.git
   9646bd3..1fbe389  trunk -> trunk
branch 'trunk' set up to track 'origin/trunk'.

E:\Project\lw3.io-dao.jnr>git status
On branch trunk
Your branch is up to date with 'origin/trunk'.

nothing to commit, working tree clean

E:\Project\lw3.io-dao.jnr>




































































































Microsoft Windows [Version 10.0.19045.2673]
(c) Microsoft Corporation. All rights reserved.

E:\Project\lw3.io-dao.jnr>git status
fatal: not a git repository (or any of the parent directories): .git

E:\Project\lw3.io-dao.jnr>git init
Initialized empty Git repository in E:/Project/lw3.io-dao.jnr/.git/

E:\Project\lw3.io-dao.jnr>mkdir 1.ens

E:\Project\lw3.io-dao.jnr>dir
 Volume in drive E is project
 Volume Serial Number is 3CB5-0DF3

 Directory of E:\Project\lw3.io-dao.jnr

25-03-2023  05:01    <DIR>          .
25-03-2023  05:01    <DIR>          ..
25-03-2023  05:01    <DIR>          1.ens
24-03-2023  06:06             9,222 index.js
24-03-2023  06:02            20,873 learnweb3punks.png
               2 File(s)         30,095 bytes
               3 Dir(s)   1,016,541,184 bytes free

E:\Project\lw3.io-dao.jnr>cd 1.ens

E:\Project\lw3.io-dao.jnr\1.ens>npx create-next-app@latest
√ What is your project named? ... my-app
√ Would you like to use TypeScript with this project? ... No / Yes
√ Would you like to use ESLint with this project? ... No / Yes
√ Would you like to use `src/` directory with this project? ... No / Yes
√ Would you like to use experimental `app/` directory with this project? ... No / Yes
√ What import alias would you like configured? ... @/*
Creating a new Next.js app in E:\Project\lw3.io-dao.jnr\1.ens\my-app.

Using npm.

Initializing project with template: default


Installing dependencies:
- react
- react-dom
- next


added 17 packages, and audited 18 packages in 38s

2 packages are looking for funding
  run `npm fund` for details

found 0 vulnerabilities
Success! Created my-app at E:\Project\lw3.io-dao.jnr\1.ens\my-app


E:\Project\lw3.io-dao.jnr\1.ens>dir
 Volume in drive E is project
 Volume Serial Number is 3CB5-0DF3

 Directory of E:\Project\lw3.io-dao.jnr\1.ens

25-03-2023  05:02    <DIR>          .
25-03-2023  05:02    <DIR>          ..
25-03-2023  05:03    <DIR>          my-app
               0 File(s)              0 bytes
               3 Dir(s)     842,829,824 bytes free

E:\Project\lw3.io-dao.jnr\1.ens>cd my-app

E:\Project\lw3.io-dao.jnr\1.ens\my-app>npm install web3modal

added 58 packages, and audited 76 packages in 15s

5 packages are looking for funding
  run `npm fund` for details

found 0 vulnerabilities

E:\Project\lw3.io-dao.jnr\1.ens\my-app>npm install ethers@5

added 45 packages, and audited 121 packages in 15s

36 packages are looking for funding
  run `npm fund` for details

found 0 vulnerabilities

E:\Project\lw3.io-dao.jnr\1.ens\my-app>git status
On branch master

No commits yet

Untracked files:
  (use "git add <file>..." to include in what will be committed)
        ../
        ../../terminal-commands.txt

nothing added to commit but untracked files present (use "git add" to track)

E:\Project\lw3.io-dao.jnr\1.ens\my-app>npm run dev

> my-app@0.1.0 dev
> next dev

ready - started server on 0.0.0.0:3000, url: http://localhost:3000
event - compiled client and server successfully in 17.5s (170 modules)
wait  - compiling / (client and server)...
event - compiled client and server successfully in 5.9s (325 modules)
Terminate batch job (Y/N)?
y

E:\Project\lw3.io-dao.jnr\1.ens\my-app>cd ,,
E:\Project\lw3.io-dao.jnr\1.ens\my-app

E:\Project\lw3.io-dao.jnr\1.ens\my-app>cd ../..

E:\Project\lw3.io-dao.jnr>git status
On branch master

No commits yet

Untracked files:
  (use "git add <file>..." to include in what will be committed)
        1.ens/
        terminal-commands.txt

nothing added to commit but untracked files present (use "git add" to track)

E:\Project\lw3.io-dao.jnr>git remote

E:\Project\lw3.io-dao.jnr>git remote add https://github.com/suvrajeet01/lw3.io-dao.jnr.git
usage: git remote add [<options>] <name> <url>

    -f, --fetch           fetch the remote branches
    --tags                import all tags and associated objects when fetching
                          or do not fetch any tag at all (--no-tags)
    -t, --track <branch>  branch(es) to track
    -m, --master <branch>
                          master branch
    --mirror[=(push|fetch)]
                          set up remote as a mirror to push to or fetch from


E:\Project\lw3.io-dao.jnr>git remote add origin https://github.com/suvrajeet01/lw3.io-dao.jnr.git

E:\Project\lw3.io-dao.jnr>git remote
origin

E:\Project\lw3.io-dao.jnr>git branch

E:\Project\lw3.io-dao.jnr>git branch -M trunk

E:\Project\lw3.io-dao.jnr>git branch

E:\Project\lw3.io-dao.jnr>git push -u origin trunk
error: src refspec trunk does not match any
error: failed to push some refs to 'https://github.com/suvrajeet01/lw3.io-dao.jnr.git'

E:\Project\lw3.io-dao.jnr>git status
On branch trunk

No commits yet

Untracked files:
  (use "git add <file>..." to include in what will be committed)
        1.ens/
        terminal-commands.txt

nothing added to commit but untracked files present (use "git add" to track)

E:\Project\lw3.io-dao.jnr>git add .
warning: in the working copy of '1.ens/my-app/.gitignore', LF will be replaced by CRLF the next time Git touches it
warning: in the working copy of '1.ens/my-app/README.md', LF will be replaced by CRLF the next time Git touches it
warning: in the working copy of '1.ens/my-app/jsconfig.json', LF will be replaced by CRLF the next time Git touches it
warning: in the working copy of '1.ens/my-app/next.config.js', LF will be replaced by CRLF the next time Git touches it
warning: in the working copy of '1.ens/my-app/package-lock.json', LF will be replaced by CRLF the next time Git touches it
warning: in the working copy of '1.ens/my-app/package.json', LF will be replaced by CRLF the next time Git touches it
warning: in the working copy of '1.ens/my-app/pages/_app.js', LF will be replaced by CRLF the next time Git touches it
warning: in the working copy of '1.ens/my-app/pages/_document.js', LF will be replaced by CRLF the next time Git touches it
warning: in the working copy of '1.ens/my-app/pages/api/hello.js', LF will be replaced by CRLF the next time Git touches it
warning: in the working copy of '1.ens/my-app/pages/index.js', LF will be replaced by CRLF the next time Git touches it
warning: in the working copy of '1.ens/my-app/styles/Home.module.css', LF will be replaced by CRLF the next time Git touches it
warning: in the working copy of '1.ens/my-app/styles/globals.css', LF will be replaced by CRLF the next time Git touches it

E:\Project\lw3.io-dao.jnr>git commit 1.ens -m "ens"
warning: in the working copy of '1.ens/my-app/.gitignore', LF will be replaced by CRLF the next time Git touches it
warning: in the working copy of '1.ens/my-app/README.md', LF will be replaced by CRLF the next time Git touches it
warning: in the working copy of '1.ens/my-app/jsconfig.json', LF will be replaced by CRLF the next time Git touches it
warning: in the working copy of '1.ens/my-app/next.config.js', LF will be replaced by CRLF the next time Git touches it
warning: in the working copy of '1.ens/my-app/package-lock.json', LF will be replaced by CRLF the next time Git touches it
warning: in the working copy of '1.ens/my-app/package.json', LF will be replaced by CRLF the next time Git touches it
warning: in the working copy of '1.ens/my-app/pages/_app.js', LF will be replaced by CRLF the next time Git touches it
warning: in the working copy of '1.ens/my-app/pages/_document.js', LF will be replaced by CRLF the next time Git touches it
warning: in the working copy of '1.ens/my-app/pages/api/hello.js', LF will be replaced by CRLF the next time Git touches it
warning: in the working copy of '1.ens/my-app/pages/index.js', LF will be replaced by CRLF the next time Git touches it
warning: in the working copy of '1.ens/my-app/styles/Home.module.css', LF will be replaced by CRLF the next time Git touches it
warning: in the working copy of '1.ens/my-app/styles/globals.css', LF will be replaced by CRLF the next time Git touches it
[trunk (root-commit) 92ce5d8] ens
 17 files changed, 2754 insertions(+)
 create mode 100644 1.ens/my-app/.gitignore
 create mode 100644 1.ens/my-app/README.md
 create mode 100644 1.ens/my-app/jsconfig.json
 create mode 100644 1.ens/my-app/next.config.js
 create mode 100644 1.ens/my-app/package-lock.json
 create mode 100644 1.ens/my-app/package.json
 create mode 100644 1.ens/my-app/pages/_app.js
 create mode 100644 1.ens/my-app/pages/_document.js
 create mode 100644 1.ens/my-app/pages/api/hello.js
 create mode 100644 1.ens/my-app/pages/index.js
 create mode 100644 1.ens/my-app/public/favicon.ico
 create mode 100644 1.ens/my-app/public/learnweb3punks.png
 create mode 100644 1.ens/my-app/public/next.svg
 create mode 100644 1.ens/my-app/public/thirteen.svg
 create mode 100644 1.ens/my-app/public/vercel.svg
 create mode 100644 1.ens/my-app/styles/Home.module.css
 create mode 100644 1.ens/my-app/styles/globals.css

E:\Project\lw3.io-dao.jnr>git status
On branch trunk
Changes to be committed:
  (use "git restore --staged <file>..." to unstage)
        new file:   terminal-commands.txt


E:\Project\lw3.io-dao.jnr>git push -u origin trunk
To https://github.com/suvrajeet01/lw3.io-dao.jnr.git
 ! [rejected]        trunk -> trunk (fetch first)
error: failed to push some refs to 'https://github.com/suvrajeet01/lw3.io-dao.jnr.git'
hint: Updates were rejected because the remote contains work that you do
hint: not have locally. This is usually caused by another repository pushing
hint: to the same ref. You may want to first integrate the remote changes
hint: (e.g., 'git pull ...') before pushing again.
hint: See the 'Note about fast-forwards' in 'git push --help' for details.

E:\Project\lw3.io-dao.jnr>git pull --allow-unrelated-histories
remote: Enumerating objects: 3, done.
remote: Counting objects: 100% (3/3), done.
remote: Compressing objects: 100% (2/2), done.
remote: Total 3 (delta 0), reused 0 (delta 0), pack-reused 0
Unpacking objects: 100% (3/3), 669 bytes | 12.00 KiB/s, done.
From https://github.com/suvrajeet01/lw3.io-dao.jnr
 * [new branch]      trunk      -> origin/trunk
There is no tracking information for the current branch.
Please specify which branch you want to merge with.
See git-pull(1) for details.

    git pull <remote> <branch>

If you wish to set tracking information for this branch you can do so with:

    git branch --set-upstream-to=origin/<branch> trunk


E:\Project\lw3.io-dao.jnr>git branch
* trunk

E:\Project\lw3.io-dao.jnr>git push -u origin trunk
To https://github.com/suvrajeet01/lw3.io-dao.jnr.git
 ! [rejected]        trunk -> trunk (non-fast-forward)
error: failed to push some refs to 'https://github.com/suvrajeet01/lw3.io-dao.jnr.git'
hint: Updates were rejected because the tip of your current branch is behind
hint: its remote counterpart. Integrate the remote changes (e.g.
hint: 'git pull ...') before pushing again.
hint: See the 'Note about fast-forwards' in 'git push --help' for details.

E:\Project\lw3.io-dao.jnr>git pull remote trunk --allow-unrelated-histories
fatal: 'remote' does not appear to be a git repository
fatal: Could not read from remote repository.

Please make sure you have the correct access rights
and the repository exists.

E:\Project\lw3.io-dao.jnr>git pull https://github.com/suvrajeet01/lw3.io-dao.jnr trunk --allow-unrelated-histories
From https://github.com/suvrajeet01/lw3.io-dao.jnr
 * branch            trunk      -> FETCH_HEAD
error: Your local changes to the following files would be overwritten by merge:
  terminal-commands.txt
Merge with strategy ort failed.

E:\Project\lw3.io-dao.jnr>git status
On branch trunk
Changes to be committed:
  (use "git restore --staged <file>..." to unstage)
        new file:   terminal-commands.txt


E:\Project\lw3.io-dao.jnr>git branch
* trunk

E:\Project\lw3.io-dao.jnr>git log
commit 92ce5d8c6c68d57a49aebe4efdfce452e672c99c (HEAD -> trunk)
Author: suvrajeet01 <suvrajeetbanerjee34767@gmail.com>
Date:   Sat Mar 25 05:46:01 2023 +0530

    ens

E:\Project\lw3.io-dao.jnr>git log --oneline
92ce5d8 (HEAD -> trunk) ens

E:\Project\lw3.io-dao.jnr>git push -u origin trunk
To https://github.com/suvrajeet01/lw3.io-dao.jnr.git
 ! [rejected]        trunk -> trunk (non-fast-forward)
error: failed to push some refs to 'https://github.com/suvrajeet01/lw3.io-dao.jnr.git'
hint: Updates were rejected because the tip of your current branch is behind
hint: its remote counterpart. Integrate the remote changes (e.g.
hint: 'git pull ...') before pushing again.
hint: See the 'Note about fast-forwards' in 'git push --help' for details.

E:\Project\lw3.io-dao.jnr>git remote -v
origin  https://github.com/suvrajeet01/lw3.io-dao.jnr.git (fetch)
origin  https://github.com/suvrajeet01/lw3.io-dao.jnr.git (push)

E:\Project\lw3.io-dao.jnr>git pull https://github.com/suvrajeet01/lw3.io-dao.jnr --allow-unrelated-histories
From https://github.com/suvrajeet01/lw3.io-dao.jnr
 * branch            HEAD       -> FETCH_HEAD
error: Your local changes to the following files would be overwritten by merge:
  terminal-commands.txt
Merge with strategy ort failed.

E:\Project\lw3.io-dao.jnr>git merge
fatal: No remote for the current branch.

E:\Project\lw3.io-dao.jnr>git branch
* trunk

E:\Project\lw3.io-dao.jnr>git status
On branch trunk
Changes to be committed:
  (use "git restore --staged <file>..." to unstage)
        new file:   terminal-commands.txt


E:\Project\lw3.io-dao.jnr>git commit -m "terminal-commands"
[trunk 4a6707e] terminal-commands
 1 file changed, 0 insertions(+), 0 deletions(-)
 create mode 100644 terminal-commands.txt

E:\Project\lw3.io-dao.jnr>git status
On branch trunk
nothing to commit, working tree clean

E:\Project\lw3.io-dao.jnr>git pull https://github.com/suvrajeet01/lw3.io-dao.jnr --allow-unrelated-histories
From https://github.com/suvrajeet01/lw3.io-dao.jnr
 * branch            HEAD       -> FETCH_HEAD
Merge made by the 'ort' strategy.
 README.md | 2 ++
 1 file changed, 2 insertions(+)
 create mode 100644 README.md

E:\Project\lw3.io-dao.jnr>git status
On branch trunk
nothing to commit, working tree clean

E:\Project\lw3.io-dao.jnr>git push -u origin trunk
Enumerating objects: 31, done.
Counting objects: 100% (31/31), done.
Delta compression using up to 4 threads
Compressing objects: 100% (26/26), done.
Writing objects: 100% (30/30), 52.22 KiB | 5.80 MiB/s, done.
Total 30 (delta 1), reused 0 (delta 0), pack-reused 0
remote: Resolving deltas: 100% (1/1), done.
To https://github.com/suvrajeet01/lw3.io-dao.jnr.git
   9646bd3..1fbe389  trunk -> trunk
branch 'trunk' set up to track 'origin/trunk'.

E:\Project\lw3.io-dao.jnr>git status
On branch trunk
Your branch is up to date with 'origin/trunk'.

nothing to commit, working tree clean

E:\Project\lw3.io-dao.jnr>git log --oneline
1fbe389 (HEAD -> trunk, origin/trunk) Merge https://github.com/suvrajeet01/lw3.io-dao.jnr into trunk
4a6707e terminal-commands
92ce5d8 ens
9646bd3 Initial commit

E:\Project\lw3.io-dao.jnr>git status
On branch trunk
Your branch is up to date with 'origin/trunk'.

nothing to commit, working tree clean

E:\Project\lw3.io-dao.jnr>git status
On branch trunk
Your branch is up to date with 'origin/trunk'.

Changes not staged for commit:
  (use "git add <file>..." to update what will be committed)
  (use "git restore <file>..." to discard changes in working directory)
        modified:   terminal-commands.txt

no changes added to commit (use "git add" and/or "git commit -a")

E:\Project\lw3.io-dao.jnr>git add .

E:\Project\lw3.io-dao.jnr>git commit -m "terminal-commands"
[trunk 6c6b8cc] terminal-commands
 1 file changed, 373 insertions(+)

E:\Project\lw3.io-dao.jnr>git status
On branch trunk
Your branch is ahead of 'origin/trunk' by 1 commit.
  (use "git push" to publish your local commits)

nothing to commit, working tree clean

E:\Project\lw3.io-dao.jnr>






















































































































Microsoft Windows [Version 10.0.19045.2673]
(c) Microsoft Corporation. All rights reserved.

E:\Project\lw3.io-dao.jnr>git status
fatal: not a git repository (or any of the parent directories): .git

E:\Project\lw3.io-dao.jnr>git init
Initialized empty Git repository in E:/Project/lw3.io-dao.jnr/.git/

E:\Project\lw3.io-dao.jnr>mkdir 1.ens

E:\Project\lw3.io-dao.jnr>dir
 Volume in drive E is project
 Volume Serial Number is 3CB5-0DF3

 Directory of E:\Project\lw3.io-dao.jnr

25-03-2023  05:01    <DIR>          .
25-03-2023  05:01    <DIR>          ..
25-03-2023  05:01    <DIR>          1.ens
24-03-2023  06:06             9,222 index.js
24-03-2023  06:02            20,873 learnweb3punks.png
               2 File(s)         30,095 bytes
               3 Dir(s)   1,016,541,184 bytes free

E:\Project\lw3.io-dao.jnr>cd 1.ens

E:\Project\lw3.io-dao.jnr\1.ens>npx create-next-app@latest
√ What is your project named? ... my-app
√ Would you like to use TypeScript with this project? ... No / Yes
√ Would you like to use ESLint with this project? ... No / Yes
√ Would you like to use `src/` directory with this project? ... No / Yes
√ Would you like to use experimental `app/` directory with this project? ... No / Yes
√ What import alias would you like configured? ... @/*
Creating a new Next.js app in E:\Project\lw3.io-dao.jnr\1.ens\my-app.

Using npm.

Initializing project with template: default


Installing dependencies:
- react
- react-dom
- next


added 17 packages, and audited 18 packages in 38s

2 packages are looking for funding
  run `npm fund` for details

found 0 vulnerabilities
Success! Created my-app at E:\Project\lw3.io-dao.jnr\1.ens\my-app


E:\Project\lw3.io-dao.jnr\1.ens>dir
 Volume in drive E is project
 Volume Serial Number is 3CB5-0DF3

 Directory of E:\Project\lw3.io-dao.jnr\1.ens

25-03-2023  05:02    <DIR>          .
25-03-2023  05:02    <DIR>          ..
25-03-2023  05:03    <DIR>          my-app
               0 File(s)              0 bytes
               3 Dir(s)     842,829,824 bytes free

E:\Project\lw3.io-dao.jnr\1.ens>cd my-app

E:\Project\lw3.io-dao.jnr\1.ens\my-app>npm install web3modal

added 58 packages, and audited 76 packages in 15s

5 packages are looking for funding
  run `npm fund` for details

found 0 vulnerabilities

E:\Project\lw3.io-dao.jnr\1.ens\my-app>npm install ethers@5

added 45 packages, and audited 121 packages in 15s

36 packages are looking for funding
  run `npm fund` for details

found 0 vulnerabilities

E:\Project\lw3.io-dao.jnr\1.ens\my-app>git status
On branch master

No commits yet

Untracked files:
  (use "git add <file>..." to include in what will be committed)
        ../
        ../../terminal-commands.txt

nothing added to commit but untracked files present (use "git add" to track)

E:\Project\lw3.io-dao.jnr\1.ens\my-app>npm run dev

> my-app@0.1.0 dev
> next dev

ready - started server on 0.0.0.0:3000, url: http://localhost:3000
event - compiled client and server successfully in 17.5s (170 modules)
wait  - compiling / (client and server)...
event - compiled client and server successfully in 5.9s (325 modules)
Terminate batch job (Y/N)?
y

E:\Project\lw3.io-dao.jnr\1.ens\my-app>cd ,,
E:\Project\lw3.io-dao.jnr\1.ens\my-app

E:\Project\lw3.io-dao.jnr\1.ens\my-app>cd ../..

E:\Project\lw3.io-dao.jnr>git status
On branch master

No commits yet

Untracked files:
  (use "git add <file>..." to include in what will be committed)
        1.ens/
        terminal-commands.txt

nothing added to commit but untracked files present (use "git add" to track)

E:\Project\lw3.io-dao.jnr>git remote

E:\Project\lw3.io-dao.jnr>git remote add https://github.com/suvrajeet01/lw3.io-dao.jnr.git
usage: git remote add [<options>] <name> <url>

    -f, --fetch           fetch the remote branches
    --tags                import all tags and associated objects when fetching
                          or do not fetch any tag at all (--no-tags)
    -t, --track <branch>  branch(es) to track
    -m, --master <branch>
                          master branch
    --mirror[=(push|fetch)]
                          set up remote as a mirror to push to or fetch from


E:\Project\lw3.io-dao.jnr>git remote add origin https://github.com/suvrajeet01/lw3.io-dao.jnr.git

E:\Project\lw3.io-dao.jnr>git remote
origin

E:\Project\lw3.io-dao.jnr>git branch

E:\Project\lw3.io-dao.jnr>git branch -M trunk

E:\Project\lw3.io-dao.jnr>git branch

E:\Project\lw3.io-dao.jnr>git push -u origin trunk
error: src refspec trunk does not match any
error: failed to push some refs to 'https://github.com/suvrajeet01/lw3.io-dao.jnr.git'

E:\Project\lw3.io-dao.jnr>git status
On branch trunk

No commits yet

Untracked files:
  (use "git add <file>..." to include in what will be committed)
        1.ens/
        terminal-commands.txt

nothing added to commit but untracked files present (use "git add" to track)

E:\Project\lw3.io-dao.jnr>git add .
warning: in the working copy of '1.ens/my-app/.gitignore', LF will be replaced by CRLF the next time Git touches it
warning: in the working copy of '1.ens/my-app/README.md', LF will be replaced by CRLF the next time Git touches it
warning: in the working copy of '1.ens/my-app/jsconfig.json', LF will be replaced by CRLF the next time Git touches it
warning: in the working copy of '1.ens/my-app/next.config.js', LF will be replaced by CRLF the next time Git touches it
warning: in the working copy of '1.ens/my-app/package-lock.json', LF will be replaced by CRLF the next time Git touches it
warning: in the working copy of '1.ens/my-app/package.json', LF will be replaced by CRLF the next time Git touches it
warning: in the working copy of '1.ens/my-app/pages/_app.js', LF will be replaced by CRLF the next time Git touches it
warning: in the working copy of '1.ens/my-app/pages/_document.js', LF will be replaced by CRLF the next time Git touches it
warning: in the working copy of '1.ens/my-app/pages/api/hello.js', LF will be replaced by CRLF the next time Git touches it
warning: in the working copy of '1.ens/my-app/pages/index.js', LF will be replaced by CRLF the next time Git touches it
warning: in the working copy of '1.ens/my-app/styles/Home.module.css', LF will be replaced by CRLF the next time Git touches it
warning: in the working copy of '1.ens/my-app/styles/globals.css', LF will be replaced by CRLF the next time Git touches it

E:\Project\lw3.io-dao.jnr>git commit 1.ens -m "ens"
warning: in the working copy of '1.ens/my-app/.gitignore', LF will be replaced by CRLF the next time Git touches it
warning: in the working copy of '1.ens/my-app/README.md', LF will be replaced by CRLF the next time Git touches it
warning: in the working copy of '1.ens/my-app/jsconfig.json', LF will be replaced by CRLF the next time Git touches it
warning: in the working copy of '1.ens/my-app/next.config.js', LF will be replaced by CRLF the next time Git touches it
warning: in the working copy of '1.ens/my-app/package-lock.json', LF will be replaced by CRLF the next time Git touches it
warning: in the working copy of '1.ens/my-app/package.json', LF will be replaced by CRLF the next time Git touches it
warning: in the working copy of '1.ens/my-app/pages/_app.js', LF will be replaced by CRLF the next time Git touches it
warning: in the working copy of '1.ens/my-app/pages/_document.js', LF will be replaced by CRLF the next time Git touches it
warning: in the working copy of '1.ens/my-app/pages/api/hello.js', LF will be replaced by CRLF the next time Git touches it
warning: in the working copy of '1.ens/my-app/pages/index.js', LF will be replaced by CRLF the next time Git touches it
warning: in the working copy of '1.ens/my-app/styles/Home.module.css', LF will be replaced by CRLF the next time Git touches it
warning: in the working copy of '1.ens/my-app/styles/globals.css', LF will be replaced by CRLF the next time Git touches it
[trunk (root-commit) 92ce5d8] ens
 17 files changed, 2754 insertions(+)
 create mode 100644 1.ens/my-app/.gitignore
 create mode 100644 1.ens/my-app/README.md
 create mode 100644 1.ens/my-app/jsconfig.json
 create mode 100644 1.ens/my-app/next.config.js
 create mode 100644 1.ens/my-app/package-lock.json
 create mode 100644 1.ens/my-app/package.json
 create mode 100644 1.ens/my-app/pages/_app.js
 create mode 100644 1.ens/my-app/pages/_document.js
 create mode 100644 1.ens/my-app/pages/api/hello.js
 create mode 100644 1.ens/my-app/pages/index.js
 create mode 100644 1.ens/my-app/public/favicon.ico
 create mode 100644 1.ens/my-app/public/learnweb3punks.png
 create mode 100644 1.ens/my-app/public/next.svg
 create mode 100644 1.ens/my-app/public/thirteen.svg
 create mode 100644 1.ens/my-app/public/vercel.svg
 create mode 100644 1.ens/my-app/styles/Home.module.css
 create mode 100644 1.ens/my-app/styles/globals.css

E:\Project\lw3.io-dao.jnr>git status
On branch trunk
Changes to be committed:
  (use "git restore --staged <file>..." to unstage)
        new file:   terminal-commands.txt


E:\Project\lw3.io-dao.jnr>git push -u origin trunk
To https://github.com/suvrajeet01/lw3.io-dao.jnr.git
 ! [rejected]        trunk -> trunk (fetch first)
error: failed to push some refs to 'https://github.com/suvrajeet01/lw3.io-dao.jnr.git'
hint: Updates were rejected because the remote contains work that you do
hint: not have locally. This is usually caused by another repository pushing
hint: to the same ref. You may want to first integrate the remote changes
hint: (e.g., 'git pull ...') before pushing again.
hint: See the 'Note about fast-forwards' in 'git push --help' for details.

E:\Project\lw3.io-dao.jnr>git pull --allow-unrelated-histories
remote: Enumerating objects: 3, done.
remote: Counting objects: 100% (3/3), done.
remote: Compressing objects: 100% (2/2), done.
remote: Total 3 (delta 0), reused 0 (delta 0), pack-reused 0
Unpacking objects: 100% (3/3), 669 bytes | 12.00 KiB/s, done.
From https://github.com/suvrajeet01/lw3.io-dao.jnr
 * [new branch]      trunk      -> origin/trunk
There is no tracking information for the current branch.
Please specify which branch you want to merge with.
See git-pull(1) for details.

    git pull <remote> <branch>

If you wish to set tracking information for this branch you can do so with:

    git branch --set-upstream-to=origin/<branch> trunk


E:\Project\lw3.io-dao.jnr>git branch
* trunk

E:\Project\lw3.io-dao.jnr>git push -u origin trunk
To https://github.com/suvrajeet01/lw3.io-dao.jnr.git
 ! [rejected]        trunk -> trunk (non-fast-forward)
error: failed to push some refs to 'https://github.com/suvrajeet01/lw3.io-dao.jnr.git'
hint: Updates were rejected because the tip of your current branch is behind
hint: its remote counterpart. Integrate the remote changes (e.g.
hint: 'git pull ...') before pushing again.
hint: See the 'Note about fast-forwards' in 'git push --help' for details.

E:\Project\lw3.io-dao.jnr>git pull remote trunk --allow-unrelated-histories
fatal: 'remote' does not appear to be a git repository
fatal: Could not read from remote repository.

Please make sure you have the correct access rights
and the repository exists.

E:\Project\lw3.io-dao.jnr>git pull https://github.com/suvrajeet01/lw3.io-dao.jnr trunk --allow-unrelated-histories
From https://github.com/suvrajeet01/lw3.io-dao.jnr
 * branch            trunk      -> FETCH_HEAD
error: Your local changes to the following files would be overwritten by merge:
  terminal-commands.txt
Merge with strategy ort failed.

E:\Project\lw3.io-dao.jnr>git status
On branch trunk
Changes to be committed:
  (use "git restore --staged <file>..." to unstage)
        new file:   terminal-commands.txt


E:\Project\lw3.io-dao.jnr>git branch
* trunk

E:\Project\lw3.io-dao.jnr>git log
commit 92ce5d8c6c68d57a49aebe4efdfce452e672c99c (HEAD -> trunk)
Author: suvrajeet01 <suvrajeetbanerjee34767@gmail.com>
Date:   Sat Mar 25 05:46:01 2023 +0530

    ens

E:\Project\lw3.io-dao.jnr>git log --oneline
92ce5d8 (HEAD -> trunk) ens

E:\Project\lw3.io-dao.jnr>git push -u origin trunk
To https://github.com/suvrajeet01/lw3.io-dao.jnr.git
 ! [rejected]        trunk -> trunk (non-fast-forward)
error: failed to push some refs to 'https://github.com/suvrajeet01/lw3.io-dao.jnr.git'
hint: Updates were rejected because the tip of your current branch is behind
hint: its remote counterpart. Integrate the remote changes (e.g.
hint: 'git pull ...') before pushing again.
hint: See the 'Note about fast-forwards' in 'git push --help' for details.

E:\Project\lw3.io-dao.jnr>git remote -v
origin  https://github.com/suvrajeet01/lw3.io-dao.jnr.git (fetch)
origin  https://github.com/suvrajeet01/lw3.io-dao.jnr.git (push)

E:\Project\lw3.io-dao.jnr>git pull https://github.com/suvrajeet01/lw3.io-dao.jnr --allow-unrelated-histories
From https://github.com/suvrajeet01/lw3.io-dao.jnr
 * branch            HEAD       -> FETCH_HEAD
error: Your local changes to the following files would be overwritten by merge:
  terminal-commands.txt
Merge with strategy ort failed.

E:\Project\lw3.io-dao.jnr>git merge
fatal: No remote for the current branch.

E:\Project\lw3.io-dao.jnr>git branch
* trunk

E:\Project\lw3.io-dao.jnr>git status
On branch trunk
Changes to be committed:
  (use "git restore --staged <file>..." to unstage)
        new file:   terminal-commands.txt


E:\Project\lw3.io-dao.jnr>git commit -m "terminal-commands"
[trunk 4a6707e] terminal-commands
 1 file changed, 0 insertions(+), 0 deletions(-)
 create mode 100644 terminal-commands.txt

E:\Project\lw3.io-dao.jnr>git status
On branch trunk
nothing to commit, working tree clean

E:\Project\lw3.io-dao.jnr>git pull https://github.com/suvrajeet01/lw3.io-dao.jnr --allow-unrelated-histories
From https://github.com/suvrajeet01/lw3.io-dao.jnr
 * branch            HEAD       -> FETCH_HEAD
Merge made by the 'ort' strategy.
 README.md | 2 ++
 1 file changed, 2 insertions(+)
 create mode 100644 README.md

E:\Project\lw3.io-dao.jnr>git status
On branch trunk
nothing to commit, working tree clean

E:\Project\lw3.io-dao.jnr>git push -u origin trunk
Enumerating objects: 31, done.
Counting objects: 100% (31/31), done.
Delta compression using up to 4 threads
Compressing objects: 100% (26/26), done.
Writing objects: 100% (30/30), 52.22 KiB | 5.80 MiB/s, done.
Total 30 (delta 1), reused 0 (delta 0), pack-reused 0
remote: Resolving deltas: 100% (1/1), done.
To https://github.com/suvrajeet01/lw3.io-dao.jnr.git
   9646bd3..1fbe389  trunk -> trunk
branch 'trunk' set up to track 'origin/trunk'.

E:\Project\lw3.io-dao.jnr>git status
On branch trunk
Your branch is up to date with 'origin/trunk'.

nothing to commit, working tree clean

E:\Project\lw3.io-dao.jnr>git log --oneline
1fbe389 (HEAD -> trunk, origin/trunk) Merge https://github.com/suvrajeet01/lw3.io-dao.jnr into trunk
4a6707e terminal-commands
92ce5d8 ens
9646bd3 Initial commit

E:\Project\lw3.io-dao.jnr>git status
On branch trunk
Your branch is up to date with 'origin/trunk'.

nothing to commit, working tree clean

E:\Project\lw3.io-dao.jnr>git status
On branch trunk
Your branch is up to date with 'origin/trunk'.

Changes not staged for commit:
  (use "git add <file>..." to update what will be committed)
  (use "git restore <file>..." to discard changes in working directory)
        modified:   terminal-commands.txt

no changes added to commit (use "git add" and/or "git commit -a")

E:\Project\lw3.io-dao.jnr>git add .

E:\Project\lw3.io-dao.jnr>git commit -m "terminal-commands"
[trunk 6c6b8cc] terminal-commands
 1 file changed, 373 insertions(+)

E:\Project\lw3.io-dao.jnr>git status
On branch trunk
Your branch is ahead of 'origin/trunk' by 1 commit.
  (use "git push" to publish your local commits)

nothing to commit, working tree clean

E:\Project\lw3.io-dao.jnr>git status
On branch trunk
Your branch is ahead of 'origin/trunk' by 1 commit.
  (use "git push" to publish your local commits)

Changes not staged for commit:
  (use "git add <file>..." to update what will be committed)
  (use "git restore <file>..." to discard changes in working directory)
        modified:   terminal-commands.txt

no changes added to commit (use "git add" and/or "git commit -a")

E:\Project\lw3.io-dao.jnr>git add .

E:\Project\lw3.io-dao.jnr>git status
On branch trunk
Your branch is ahead of 'origin/trunk' by 1 commit.
  (use "git push" to publish your local commits)

Changes to be committed:
  (use "git restore --staged <file>..." to unstage)
        modified:   terminal-commands.txt


E:\Project\lw3.io-dao.jnr>git commit -m "terminal-commands"
[trunk c71a70c] terminal-commands
 1 file changed, 101 insertions(+), 1 deletion(-)

E:\Project\lw3.io-dao.jnr>git status
On branch trunk
Your branch is ahead of 'origin/trunk' by 2 commits.
  (use "git push" to publish your local commits)

nothing to commit, working tree clean

E:\Project\lw3.io-dao.jnr>git push
Enumerating objects: 8, done.
Counting objects: 100% (8/8), done.
Delta compression using up to 4 threads
Compressing objects: 100% (6/6), done.
Writing objects: 100% (6/6), 3.47 KiB | 1.16 MiB/s, done.
Total 6 (delta 3), reused 0 (delta 0), pack-reused 0
remote: Resolving deltas: 100% (3/3), completed with 1 local object.
To https://github.com/suvrajeet01/lw3.io-dao.jnr.git
   1fbe389..c71a70c  trunk -> trunk

E:\Project\lw3.io-dao.jnr>














































Microsoft Windows [Version 10.0.19045.2673]
(c) Microsoft Corporation. All rights reserved.

E:\Project\stackup.dev>git status
On branch trunk
Your branch is up to date with 'origin/trunk'.

Changes not staged for commit:
  (use "git add <file>..." to update what will be committed)
  (use "git restore <file>..." to discard changes in working directory)
        modified:   terminal-commands.txt

no changes added to commit (use "git add" and/or "git commit -a")

E:\Project\stackup.dev>git add .

E:\Project\stackup.dev>git commit -m "terminal-commands;
[trunk 2bb01f9] terminal-commands;
 1 file changed, 217 insertions(+), 1 deletion(-)

E:\Project\stackup.dev>git status
On branch trunk
Your branch is ahead of 'origin/trunk' by 1 commit.
  (use "git push" to publish your local commits)

nothing to commit, working tree clean

E:\Project\stackup.dev>git status
On branch trunk
Your branch is ahead of 'origin/trunk' by 1 commit.
  (use "git push" to publish your local commits)

Changes not staged for commit:
  (use "git add <file>..." to update what will be committed)
  (use "git restore <file>..." to discard changes in working directory)
        modified:   terminal-commands.txt

no changes added to commit (use "git add" and/or "git commit -a")

E:\Project\stackup.dev>git add .

E:\Project\stackup.dev>git commit -m "terminal-commands"
[trunk b31cbd2] terminal-commands
 1 file changed, 1 insertion(+), 1 deletion(-)

E:\Project\stackup.dev>git status
On branch trunk
Your branch is ahead of 'origin/trunk' by 2 commits.
  (use "git push" to publish your local commits)

nothing to commit, working tree clean

E:\Project\stackup.dev>git push
Enumerating objects: 8, done.
Counting objects: 100% (8/8), done.
Delta compression using up to 4 threads
Compressing objects: 100% (6/6), done.
Writing objects: 100% (6/6), 1.54 KiB | 1.54 MiB/s, done.
Total 6 (delta 4), reused 0 (delta 0), pack-reused 0
remote: Resolving deltas: 100% (4/4), completed with 2 local objects.
To https://github.com/suvrajeet01/stackup.dev.git
   1ecf0b8..b31cbd2  trunk -> trunk

E:\Project\stackup.dev>dir ..\
 Volume in drive E is project
 Volume Serial Number is 3CB5-0DF3

 Directory of E:\Project

25-03-2023  04:53    <DIR>          .
25-03-2023  04:53    <DIR>          ..
24-03-2023  05:45    <DIR>          1
24-03-2023  00:12           118,872 1.terminal-commands.txt
21-03-2023  05:22    <DIR>          cognitiveclass.ai
23-03-2023  02:42    <DIR>          fingerPy
13-03-2023  23:06    <DIR>          learn-python_fcc
26-03-2023  06:09    <DIR>          lw3.io-dao.jnr
24-03-2023  02:45    <DIR>          stackup.dev
               1 File(s)        118,872 bytes
               8 Dir(s)     223,350,784 bytes free

E:\Project\stackup.dev>cd ..

E:\Project>dirf
'dirf' is not recognized as an internal or external command,
operable program or batch file.

E:\Project>dir
 Volume in drive E is project
 Volume Serial Number is 3CB5-0DF3

 Directory of E:\Project

25-03-2023  04:53    <DIR>          .
25-03-2023  04:53    <DIR>          ..
24-03-2023  05:45    <DIR>          1
24-03-2023  00:12           118,872 1.terminal-commands.txt
21-03-2023  05:22    <DIR>          cognitiveclass.ai
23-03-2023  02:42    <DIR>          fingerPy
13-03-2023  23:06    <DIR>          learn-python_fcc
26-03-2023  06:09    <DIR>          lw3.io-dao.jnr
24-03-2023  02:45    <DIR>          stackup.dev
               1 File(s)        118,872 bytes
               8 Dir(s)     223,350,784 bytes free

E:\Project>cd lw3.io-dao.jnr

E:\Project\lw3.io-dao.jnr>git status
On branch trunk
Your branch is up to date with 'origin/trunk'.

Untracked files:
  (use "git add <file>..." to include in what will be committed)
        2.testing-contract-locally/
        3.etherscan-verification/

nothing added to commit but untracked files present (use "git add" to track)

E:\Project\lw3.io-dao.jnr>git add .
warning: in the working copy of '2.testing-contract-locally/.gitignore', LF will be replaced by CRLF the next time Git touches it
warning: in the working copy of '2.testing-contract-locally/README.md', LF will be replaced by CRLF the next time Git touches it
warning: in the working copy of '2.testing-contract-locally/contracts/Lock.sol', LF will be replaced by CRLF the next time Git touches it
warning: in the working copy of '2.testing-contract-locally/hardhat.config.js', LF will be replaced by CRLF the next time Git touches it
warning: in the working copy of '2.testing-contract-locally/package-lock.json', LF will be replaced by CRLF the next time Git touches it
warning: in the working copy of '2.testing-contract-locally/package.json', LF will be replaced by CRLF the next time Git touches it
warning: in the working copy of '2.testing-contract-locally/scripts/deploy.js', LF will be replaced by CRLF the next time Git touches it
warning: in the working copy of '2.testing-contract-locally/test/Lock.js', LF will be replaced by CRLF the next time Git touches it
warning: in the working copy of '3.etherscan-verification/.gitignore', LF will be replaced by CRLF the next time Git touches it
warning: in the working copy of '3.etherscan-verification/README.md', LF will be replaced by CRLF the next time Git touches it
warning: in the working copy of '3.etherscan-verification/contracts/Lock.sol', LF will be replaced by CRLF the next time Git touches it
warning: in the working copy of '3.etherscan-verification/hardhat.config.js', LF will be replaced by CRLF the next time Git touches it
warning: in the working copy of '3.etherscan-verification/package-lock.json', LF will be replaced by CRLF the next time Git touches it
warning: in the working copy of '3.etherscan-verification/package.json', LF will be replaced by CRLF the next time Git touches it
warning: in the working copy of '3.etherscan-verification/scripts/deploy.js', LF will be replaced by CRLF the next time Git touches it
warning: in the working copy of '3.etherscan-verification/test/Lock.js', LF will be replaced by CRLF the next time Git touches it

E:\Project\lw3.io-dao.jnr>git commit 2.testing-contract-locally -m "local-contract-testing"
warning: in the working copy of '2.testing-contract-locally/.gitignore', LF will be replaced by CRLF the next time Git touches it
warning: in the working copy of '2.testing-contract-locally/README.md', LF will be replaced by CRLF the next time Git touches it
warning: in the working copy of '2.testing-contract-locally/contracts/Lock.sol', LF will be replaced by CRLF the next time Git touches it
warning: in the working copy of '2.testing-contract-locally/hardhat.config.js', LF will be replaced by CRLF the next time Git touches it
warning: in the working copy of '2.testing-contract-locally/package-lock.json', LF will be replaced by CRLF the next time Git touches it
warning: in the working copy of '2.testing-contract-locally/package.json', LF will be replaced by CRLF the next time Git touches it
warning: in the working copy of '2.testing-contract-locally/scripts/deploy.js', LF will be replaced by CRLF the next time Git touches it
warning: in the working copy of '2.testing-contract-locally/test/Lock.js', LF will be replaced by CRLF the next time Git touches it
[trunk 88eadda] local-contract-testing
 9 files changed, 9894 insertions(+)
 create mode 100644 2.testing-contract-locally/.gitignore
 create mode 100644 2.testing-contract-locally/README.md
 create mode 100644 2.testing-contract-locally/contracts/Lock.sol
 create mode 100644 2.testing-contract-locally/hardhat.config.js
 create mode 100644 2.testing-contract-locally/package-lock.json
 create mode 100644 2.testing-contract-locally/package.json
 create mode 100644 2.testing-contract-locally/scripts/deploy.js
 create mode 100644 2.testing-contract-locally/terminal-commands.txt
 create mode 100644 2.testing-contract-locally/test/Lock.js

E:\Project\lw3.io-dao.jnr>git status
On branch trunk
Your branch is ahead of 'origin/trunk' by 1 commit.
  (use "git push" to publish your local commits)

Changes to be committed:
  (use "git restore --staged <file>..." to unstage)
        new file:   3.etherscan-verification/.gitignore
        new file:   3.etherscan-verification/README.md
        new file:   3.etherscan-verification/contracts/Lock.sol
        new file:   3.etherscan-verification/contracts/Verify.sol
        new file:   3.etherscan-verification/hardhat.config.js
        new file:   3.etherscan-verification/package-lock.json
        new file:   3.etherscan-verification/package.json
        new file:   3.etherscan-verification/scripts/deploy.js
        new file:   3.etherscan-verification/terminal-commands.txt
        new file:   3.etherscan-verification/test/Lock.js


E:\Project\lw3.io-dao.jnr>git commit 3.etherscan-verification -m "etherscan-verification"
warning: in the working copy of '3.etherscan-verification/.gitignore', LF will be replaced by CRLF the next time Git touches it
warning: in the working copy of '3.etherscan-verification/README.md', LF will be replaced by CRLF the next time Git touches it
warning: in the working copy of '3.etherscan-verification/contracts/Lock.sol', LF will be replaced by CRLF the next time Git touches it
warning: in the working copy of '3.etherscan-verification/hardhat.config.js', LF will be replaced by CRLF the next time Git touches it
warning: in the working copy of '3.etherscan-verification/package-lock.json', LF will be replaced by CRLF the next time Git touches it
warning: in the working copy of '3.etherscan-verification/package.json', LF will be replaced by CRLF the next time Git touches it
warning: in the working copy of '3.etherscan-verification/scripts/deploy.js', LF will be replaced by CRLF the next time Git touches it
warning: in the working copy of '3.etherscan-verification/test/Lock.js', LF will be replaced by CRLF the next time Git touches it
[trunk c862aa1] etherscan-verification
 10 files changed, 9907 insertions(+)
 create mode 100644 3.etherscan-verification/.gitignore
 create mode 100644 3.etherscan-verification/README.md
 create mode 100644 3.etherscan-verification/contracts/Lock.sol
 create mode 100644 3.etherscan-verification/contracts/Verify.sol
 create mode 100644 3.etherscan-verification/hardhat.config.js
 create mode 100644 3.etherscan-verification/package-lock.json
 create mode 100644 3.etherscan-verification/package.json
 create mode 100644 3.etherscan-verification/scripts/deploy.js
 create mode 100644 3.etherscan-verification/terminal-commands.txt
 create mode 100644 3.etherscan-verification/test/Lock.js

E:\Project\lw3.io-dao.jnr>git status
On branch trunk
Your branch is ahead of 'origin/trunk' by 2 commits.
  (use "git push" to publish your local commits)

nothing to commit, working tree clean

E:\Project\lw3.io-dao.jnr>git push
Enumerating objects: 28, done.
Counting objects: 100% (28/28), done.
Delta compression using up to 4 threads
Compressing objects: 100% (23/23), done.
Writing objects: 100% (27/27), 90.79 KiB | 5.04 MiB/s, done.
Total 27 (delta 6), reused 0 (delta 0), pack-reused 0
remote: Resolving deltas: 100% (6/6), done.
To https://github.com/suvrajeet01/lw3.io-dao.jnr.git
   fab78e1..c862aa1  trunk -> trunk

E:\Project\lw3.io-dao.jnr>








































































Microsoft Windows [Version 10.0.19045.2673]
(c) Microsoft Corporation. All rights reserved.

E:\Project\lw3.io-dao.jnr>git status
On branch trunk
Your branch is up to date with 'origin/trunk'.

Untracked files:
  (use "git add <file>..." to include in what will be committed)
        5.ceramic.network/

nothing added to commit but untracked files present (use "git add" to track)

E:\Project\lw3.io-dao.jnr>git add .
warning: in the working copy of '5.ceramic.network/ceramic-tutorial/.gitignore', LF will be replaced by CRLF the next time Git touches it
warning: in the working copy of '5.ceramic.network/ceramic-tutorial/README.md', LF will be replaced by CRLF the next time Git touches it
warning: in the working copy of '5.ceramic.network/ceramic-tutorial/jsconfig.json', LF will be replaced by CRLF the next time Git touches it
warning: in the working copy of '5.ceramic.network/ceramic-tutorial/next.config.js', LF will be replaced by CRLF the next time Git touches it
warning: in the working copy of '5.ceramic.network/ceramic-tutorial/package-lock.json', LF will be replaced by CRLF the next time Git touches it
warning: in the working copy of '5.ceramic.network/ceramic-tutorial/package.json', LF will be replaced by CRLF the next time Git touches it
warning: in the working copy of '5.ceramic.network/ceramic-tutorial/pages/_app.js', LF will be replaced by CRLF the next time Git touches it
warning: in the working copy of '5.ceramic.network/ceramic-tutorial/pages/_document.js', LF will be replaced by CRLF the next time Git touches it
warning: in the working copy of '5.ceramic.network/ceramic-tutorial/pages/api/hello.js', LF will be replaced by CRLF the next time Git touches it
warning: in the working copy of '5.ceramic.network/ceramic-tutorial/pages/index.js', LF will be replaced by CRLF the next time Git touches it
warning: in the working copy of '5.ceramic.network/ceramic-tutorial/styles/Home.module.css', LF will be replaced by CRLF the next time Git touches it
warning: in the working copy of '5.ceramic.network/ceramic-tutorial/styles/globals.css', LF will be replaced by CRLF the next time Git touches it

E:\Project\lw3.io-dao.jnr>git status
On branch trunk
Your branch is up to date with 'origin/trunk'.

Changes to be committed:
  (use "git restore --staged <file>..." to unstage)
        new file:   5.ceramic.network/ceramic-tutorial/.gitignore
        new file:   5.ceramic.network/ceramic-tutorial/README.md
        new file:   5.ceramic.network/ceramic-tutorial/jsconfig.json
        new file:   5.ceramic.network/ceramic-tutorial/next.config.js
        new file:   5.ceramic.network/ceramic-tutorial/package-lock.json
        new file:   5.ceramic.network/ceramic-tutorial/package.json
        new file:   5.ceramic.network/ceramic-tutorial/pages/_app.js
        new file:   5.ceramic.network/ceramic-tutorial/pages/_document.js
        new file:   5.ceramic.network/ceramic-tutorial/pages/api/hello.js
        new file:   5.ceramic.network/ceramic-tutorial/pages/index.js
        new file:   5.ceramic.network/ceramic-tutorial/public/favicon.ico
        new file:   5.ceramic.network/ceramic-tutorial/public/next.svg
        new file:   5.ceramic.network/ceramic-tutorial/public/thirteen.svg
        new file:   5.ceramic.network/ceramic-tutorial/public/vercel.svg
        new file:   5.ceramic.network/ceramic-tutorial/styles/Home.module.css
        new file:   5.ceramic.network/ceramic-tutorial/styles/globals.css
        new file:   5.ceramic.network/terminal-commands.txt


E:\Project\lw3.io-dao.jnr>git commit -m "ceramic.network"
[trunk a5f6de8] ceramic.network
 17 files changed, 4971 insertions(+)
 create mode 100644 5.ceramic.network/ceramic-tutorial/.gitignore
 create mode 100644 5.ceramic.network/ceramic-tutorial/README.md
 create mode 100644 5.ceramic.network/ceramic-tutorial/jsconfig.json
 create mode 100644 5.ceramic.network/ceramic-tutorial/next.config.js
 create mode 100644 5.ceramic.network/ceramic-tutorial/package-lock.json
 create mode 100644 5.ceramic.network/ceramic-tutorial/package.json
 create mode 100644 5.ceramic.network/ceramic-tutorial/pages/_app.js
 create mode 100644 5.ceramic.network/ceramic-tutorial/pages/_document.js
 create mode 100644 5.ceramic.network/ceramic-tutorial/pages/api/hello.js
 create mode 100644 5.ceramic.network/ceramic-tutorial/pages/index.js
 create mode 100644 5.ceramic.network/ceramic-tutorial/public/favicon.ico
 create mode 100644 5.ceramic.network/ceramic-tutorial/public/next.svg
 create mode 100644 5.ceramic.network/ceramic-tutorial/public/thirteen.svg
 create mode 100644 5.ceramic.network/ceramic-tutorial/public/vercel.svg
 create mode 100644 5.ceramic.network/ceramic-tutorial/styles/Home.module.css
 create mode 100644 5.ceramic.network/ceramic-tutorial/styles/globals.css
 create mode 100644 5.ceramic.network/terminal-commands.txt

E:\Project\lw3.io-dao.jnr>git status
On branch trunk
Your branch is ahead of 'origin/trunk' by 1 commit.
  (use "git push" to publish your local commits)

nothing to commit, working tree clean

E:\Project\lw3.io-dao.jnr>
























































































Microsoft Windows [Version 10.0.19045.2673]
(c) Microsoft Corporation. All rights reserved.

E:\Project\lw3.io-dao.jnr>git status
On branch trunk
Your branch is ahead of 'origin/trunk' by 2 commits.
  (use "git push" to publish your local commits)

nothing to commit, working tree clean

E:\Project\lw3.io-dao.jnr>git push
To https://github.com/suvrajeet01/lw3.io-dao.jnr.git
 ! [rejected]        trunk -> trunk (fetch first)
error: failed to push some refs to 'https://github.com/suvrajeet01/lw3.io-dao.jnr.git'
hint: Updates were rejected because the remote contains work that you do
hint: not have locally. This is usually caused by another repository pushing
hint: to the same ref. You may want to first integrate the remote changes
hint: (e.g., 'git pull ...') before pushing again.
hint: See the 'Note about fast-forwards' in 'git push --help' for details.

E:\Project\lw3.io-dao.jnr>git pull --allow-unrelated-history
error: unknown option `allow-unrelated-history'
usage: git pull [<options>] [<repository> [<refspec>...]]

    -v, --verbose         be more verbose
    -q, --quiet           be more quiet
    --progress            force progress reporting
    --recurse-submodules[=<on-demand>]
                          control for recursive fetching of submodules

Options related to merging
    -r, --rebase[=(false|true|merges|interactive)]
                          incorporate changes by rebasing rather than merging
    -n                    do not show a diffstat at the end of the merge
    --stat                show a diffstat at the end of the merge
    --log[=<n>]           add (at most <n>) entries from shortlog to merge commit message
    --signoff[=...]       add a Signed-off-by trailer
    --squash              create a single commit instead of doing a merge
    --commit              perform a commit if the merge succeeds (default)
    --edit                edit message before committing
    --cleanup <mode>      how to strip spaces and #comments from message
    --ff                  allow fast-forward
    --ff-only             abort if fast-forward is not possible
    --verify              control use of pre-merge-commit and commit-msg hooks
    --verify-signatures   verify that the named commit has a valid GPG signature
    --autostash           automatically stash/stash pop before and after
    -s, --strategy <strategy>
                          merge strategy to use
    -X, --strategy-option <option=value>
                          option for selected merge strategy
    -S, --gpg-sign[=<key-id>]
                          GPG sign commit
    --allow-unrelated-histories
                          allow merging unrelated histories

Options related to fetching
    --all                 fetch from all remotes
    -a, --append          append to .git/FETCH_HEAD instead of overwriting
    --upload-pack <path>  path to upload pack on remote end
    -f, --force           force overwrite of local branch
    -t, --tags            fetch all tags and associated objects
    -p, --prune           prune remote-tracking branches no longer on remote
    -j, --jobs[=<n>]      number of submodules pulled in parallel
    --dry-run             dry run
    -k, --keep            keep downloaded pack
    --depth <depth>       deepen history of shallow clone
    --shallow-since <time>
                          deepen history of shallow repository based on time
    --shallow-exclude <revision>
                          deepen history of shallow clone, excluding rev
    --deepen <n>          deepen history of shallow clone
    --unshallow           convert to a complete repository
    --update-shallow      accept refs that update .git/shallow
    --refmap <refmap>     specify fetch refmap
    -o, --server-option <server-specific>
                          option to transmit
    -4, --ipv4            use IPv4 addresses only
    -6, --ipv6            use IPv6 addresses only
    --negotiation-tip <revision>
                          report that we have only objects reachable from this object
    --show-forced-updates
                          check for forced-updates on all updated branches
    --set-upstream        set upstream for git pull/fetch


E:\Project\lw3.io-dao.jnr>git pull https://github.com/username/repo-name.git --allow-unrelated-histories
remote: Repository not found.
fatal: repository 'https://github.com/username/repo-name.git/' not found

E:\Project\lw3.io-dao.jnr>git pull --allow-unrelated-histories
remote: Enumerating objects: 13, done.
remote: Counting objects: 100% (13/13), done.
remote: Compressing objects: 100% (6/6), done.
remote: Total 8 (delta 4), reused 0 (delta 0), pack-reused 0
Unpacking objects: 100% (8/8), 1.52 KiB | 13.00 KiB/s, done.
From https://github.com/suvrajeet01/lw3.io-dao.jnr
   70a943c..2bbcb12  trunk      -> origin/trunk
Merge made by the 'ort' strategy.
 1.ens/my-app/README.md | 11 +++++++++++
 README.md              |  2 +-
 2 files changed, 12 insertions(+), 1 deletion(-)

E:\Project\lw3.io-dao.jnr>git status
On branch trunk
Your branch is ahead of 'origin/trunk' by 3 commits.
  (use "git push" to publish your local commits)

nothing to commit, working tree clean

E:\Project\lw3.io-dao.jnr>git push
Enumerating objects: 32, done.
Counting objects: 100% (32/32), done.
Delta compression using up to 4 threads
Compressing objects: 100% (29/29), done.
Writing objects: 100% (30/30), 59.14 KiB | 3.48 MiB/s, done.
Total 30 (delta 3), reused 0 (delta 0), pack-reused 0
remote: Resolving deltas: 100% (3/3), completed with 1 local object.
To https://github.com/suvrajeet01/lw3.io-dao.jnr.git
   2bbcb12..6ded259  trunk -> trunk

E:\Project\lw3.io-dao.jnr>git status
On branch trunk
Your branch is up to date with 'origin/trunk'.

nothing to commit, working tree clean

E:\Project\lw3.io-dao.jnr>





