Microsoft Windows [Version 10.0.19045.2673]
(c) Microsoft Corporation. All rights reserved.

E:\Project\lw3.io-dao.jnr>git status
fatal: not a git repository (or any of the parent directories): .git

E:\Project\lw3.io-dao.jnr>git init
Initialized empty Git repository in E:/Project/lw3.io-dao.jnr/.git/

E:\Project\lw3.io-dao.jnr>mkdir 1.ens

E:\Project\lw3.io-dao.jnr>dir
 Volume in drive E is project
 Volume Serial Number is 3CB5-0DF3

 Directory of E:\Project\lw3.io-dao.jnr

25-03-2023  05:01    <DIR>          .
25-03-2023  05:01    <DIR>          ..
25-03-2023  05:01    <DIR>          1.ens
24-03-2023  06:06             9,222 index.js
24-03-2023  06:02            20,873 learnweb3punks.png
               2 File(s)         30,095 bytes
               3 Dir(s)   1,016,541,184 bytes free

E:\Project\lw3.io-dao.jnr>cd 1.ens

E:\Project\lw3.io-dao.jnr\1.ens>npx create-next-app@latest
√ What is your project named? ... my-app
√ Would you like to use TypeScript with this project? ... No / Yes
√ Would you like to use ESLint with this project? ... No / Yes
√ Would you like to use `src/` directory with this project? ... No / Yes
√ Would you like to use experimental `app/` directory with this project? ... No / Yes
√ What import alias would you like configured? ... @/*
Creating a new Next.js app in E:\Project\lw3.io-dao.jnr\1.ens\my-app.

Using npm.

Initializing project with template: default


Installing dependencies:
- react
- react-dom
- next


added 17 packages, and audited 18 packages in 38s

2 packages are looking for funding
  run `npm fund` for details

found 0 vulnerabilities
Success! Created my-app at E:\Project\lw3.io-dao.jnr\1.ens\my-app


E:\Project\lw3.io-dao.jnr\1.ens>dir
 Volume in drive E is project
 Volume Serial Number is 3CB5-0DF3

 Directory of E:\Project\lw3.io-dao.jnr\1.ens

25-03-2023  05:02    <DIR>          .
25-03-2023  05:02    <DIR>          ..
25-03-2023  05:03    <DIR>          my-app
               0 File(s)              0 bytes
               3 Dir(s)     842,829,824 bytes free

E:\Project\lw3.io-dao.jnr\1.ens>cd my-app

E:\Project\lw3.io-dao.jnr\1.ens\my-app>npm install web3modal

added 58 packages, and audited 76 packages in 15s

5 packages are looking for funding
  run `npm fund` for details

found 0 vulnerabilities

E:\Project\lw3.io-dao.jnr\1.ens\my-app>npm install ethers@5

added 45 packages, and audited 121 packages in 15s

36 packages are looking for funding
  run `npm fund` for details

found 0 vulnerabilities

E:\Project\lw3.io-dao.jnr\1.ens\my-app>git status
On branch master

No commits yet

Untracked files:
  (use "git add <file>..." to include in what will be committed)
        ../
        ../../terminal-commands.txt

nothing added to commit but untracked files present (use "git add" to track)

E:\Project\lw3.io-dao.jnr\1.ens\my-app>npm run dev

> my-app@0.1.0 dev
> next dev

ready - started server on 0.0.0.0:3000, url: http://localhost:3000
event - compiled client and server successfully in 17.5s (170 modules)
wait  - compiling / (client and server)...
event - compiled client and server successfully in 5.9s (325 modules)
Terminate batch job (Y/N)?
y

E:\Project\lw3.io-dao.jnr\1.ens\my-app>cd ,,
E:\Project\lw3.io-dao.jnr\1.ens\my-app

E:\Project\lw3.io-dao.jnr\1.ens\my-app>cd ../..

E:\Project\lw3.io-dao.jnr>git status
On branch master

No commits yet

Untracked files:
  (use "git add <file>..." to include in what will be committed)
        1.ens/
        terminal-commands.txt

nothing added to commit but untracked files present (use "git add" to track)

E:\Project\lw3.io-dao.jnr>git remote

E:\Project\lw3.io-dao.jnr>git remote add https://github.com/suvrajeet01/lw3.io-dao.jnr.git
usage: git remote add [<options>] <name> <url>

    -f, --fetch           fetch the remote branches
    --tags                import all tags and associated objects when fetching
                          or do not fetch any tag at all (--no-tags)
    -t, --track <branch>  branch(es) to track
    -m, --master <branch>
                          master branch
    --mirror[=(push|fetch)]
                          set up remote as a mirror to push to or fetch from


E:\Project\lw3.io-dao.jnr>git remote add origin https://github.com/suvrajeet01/lw3.io-dao.jnr.git

E:\Project\lw3.io-dao.jnr>git remote
origin

E:\Project\lw3.io-dao.jnr>git branch

E:\Project\lw3.io-dao.jnr>git branch -M trunk

E:\Project\lw3.io-dao.jnr>git branch

E:\Project\lw3.io-dao.jnr>git push -u origin trunk
error: src refspec trunk does not match any
error: failed to push some refs to 'https://github.com/suvrajeet01/lw3.io-dao.jnr.git'

E:\Project\lw3.io-dao.jnr>git status
On branch trunk

No commits yet

Untracked files:
  (use "git add <file>..." to include in what will be committed)
        1.ens/
        terminal-commands.txt

nothing added to commit but untracked files present (use "git add" to track)

E:\Project\lw3.io-dao.jnr>git add .
warning: in the working copy of '1.ens/my-app/.gitignore', LF will be replaced by CRLF the next time Git touches it
warning: in the working copy of '1.ens/my-app/README.md', LF will be replaced by CRLF the next time Git touches it
warning: in the working copy of '1.ens/my-app/jsconfig.json', LF will be replaced by CRLF the next time Git touches it
warning: in the working copy of '1.ens/my-app/next.config.js', LF will be replaced by CRLF the next time Git touches it
warning: in the working copy of '1.ens/my-app/package-lock.json', LF will be replaced by CRLF the next time Git touches it
warning: in the working copy of '1.ens/my-app/package.json', LF will be replaced by CRLF the next time Git touches it
warning: in the working copy of '1.ens/my-app/pages/_app.js', LF will be replaced by CRLF the next time Git touches it
warning: in the working copy of '1.ens/my-app/pages/_document.js', LF will be replaced by CRLF the next time Git touches it
warning: in the working copy of '1.ens/my-app/pages/api/hello.js', LF will be replaced by CRLF the next time Git touches it
warning: in the working copy of '1.ens/my-app/pages/index.js', LF will be replaced by CRLF the next time Git touches it
warning: in the working copy of '1.ens/my-app/styles/Home.module.css', LF will be replaced by CRLF the next time Git touches it
warning: in the working copy of '1.ens/my-app/styles/globals.css', LF will be replaced by CRLF the next time Git touches it

E:\Project\lw3.io-dao.jnr>git commit 1.ens -m "ens"
warning: in the working copy of '1.ens/my-app/.gitignore', LF will be replaced by CRLF the next time Git touches it
warning: in the working copy of '1.ens/my-app/README.md', LF will be replaced by CRLF the next time Git touches it
warning: in the working copy of '1.ens/my-app/jsconfig.json', LF will be replaced by CRLF the next time Git touches it
warning: in the working copy of '1.ens/my-app/next.config.js', LF will be replaced by CRLF the next time Git touches it
warning: in the working copy of '1.ens/my-app/package-lock.json', LF will be replaced by CRLF the next time Git touches it
warning: in the working copy of '1.ens/my-app/package.json', LF will be replaced by CRLF the next time Git touches it
warning: in the working copy of '1.ens/my-app/pages/_app.js', LF will be replaced by CRLF the next time Git touches it
warning: in the working copy of '1.ens/my-app/pages/_document.js', LF will be replaced by CRLF the next time Git touches it
warning: in the working copy of '1.ens/my-app/pages/api/hello.js', LF will be replaced by CRLF the next time Git touches it
warning: in the working copy of '1.ens/my-app/pages/index.js', LF will be replaced by CRLF the next time Git touches it
warning: in the working copy of '1.ens/my-app/styles/Home.module.css', LF will be replaced by CRLF the next time Git touches it
warning: in the working copy of '1.ens/my-app/styles/globals.css', LF will be replaced by CRLF the next time Git touches it
[trunk (root-commit) 92ce5d8] ens
 17 files changed, 2754 insertions(+)
 create mode 100644 1.ens/my-app/.gitignore
 create mode 100644 1.ens/my-app/README.md
 create mode 100644 1.ens/my-app/jsconfig.json
 create mode 100644 1.ens/my-app/next.config.js
 create mode 100644 1.ens/my-app/package-lock.json
 create mode 100644 1.ens/my-app/package.json
 create mode 100644 1.ens/my-app/pages/_app.js
 create mode 100644 1.ens/my-app/pages/_document.js
 create mode 100644 1.ens/my-app/pages/api/hello.js
 create mode 100644 1.ens/my-app/pages/index.js
 create mode 100644 1.ens/my-app/public/favicon.ico
 create mode 100644 1.ens/my-app/public/learnweb3punks.png
 create mode 100644 1.ens/my-app/public/next.svg
 create mode 100644 1.ens/my-app/public/thirteen.svg
 create mode 100644 1.ens/my-app/public/vercel.svg
 create mode 100644 1.ens/my-app/styles/Home.module.css
 create mode 100644 1.ens/my-app/styles/globals.css

E:\Project\lw3.io-dao.jnr>git status
On branch trunk
Changes to be committed:
  (use "git restore --staged <file>..." to unstage)
        new file:   terminal-commands.txt


E:\Project\lw3.io-dao.jnr>git push -u origin trunk
To https://github.com/suvrajeet01/lw3.io-dao.jnr.git
 ! [rejected]        trunk -> trunk (fetch first)
error: failed to push some refs to 'https://github.com/suvrajeet01/lw3.io-dao.jnr.git'
hint: Updates were rejected because the remote contains work that you do
hint: not have locally. This is usually caused by another repository pushing
hint: to the same ref. You may want to first integrate the remote changes
hint: (e.g., 'git pull ...') before pushing again.
hint: See the 'Note about fast-forwards' in 'git push --help' for details.

E:\Project\lw3.io-dao.jnr>git pull --allow-unrelated-histories
remote: Enumerating objects: 3, done.
remote: Counting objects: 100% (3/3), done.
remote: Compressing objects: 100% (2/2), done.
remote: Total 3 (delta 0), reused 0 (delta 0), pack-reused 0
Unpacking objects: 100% (3/3), 669 bytes | 12.00 KiB/s, done.
From https://github.com/suvrajeet01/lw3.io-dao.jnr
 * [new branch]      trunk      -> origin/trunk
There is no tracking information for the current branch.
Please specify which branch you want to merge with.
See git-pull(1) for details.

    git pull <remote> <branch>

If you wish to set tracking information for this branch you can do so with:

    git branch --set-upstream-to=origin/<branch> trunk


E:\Project\lw3.io-dao.jnr>git branch
* trunk

E:\Project\lw3.io-dao.jnr>git push -u origin trunk
To https://github.com/suvrajeet01/lw3.io-dao.jnr.git
 ! [rejected]        trunk -> trunk (non-fast-forward)
error: failed to push some refs to 'https://github.com/suvrajeet01/lw3.io-dao.jnr.git'
hint: Updates were rejected because the tip of your current branch is behind
hint: its remote counterpart. Integrate the remote changes (e.g.
hint: 'git pull ...') before pushing again.
hint: See the 'Note about fast-forwards' in 'git push --help' for details.

E:\Project\lw3.io-dao.jnr>git pull remote trunk --allow-unrelated-histories
fatal: 'remote' does not appear to be a git repository
fatal: Could not read from remote repository.

Please make sure you have the correct access rights
and the repository exists.

E:\Project\lw3.io-dao.jnr>git pull https://github.com/suvrajeet01/lw3.io-dao.jnr trunk --allow-unrelated-histories
From https://github.com/suvrajeet01/lw3.io-dao.jnr
 * branch            trunk      -> FETCH_HEAD
error: Your local changes to the following files would be overwritten by merge:
  terminal-commands.txt
Merge with strategy ort failed.

E:\Project\lw3.io-dao.jnr>git status
On branch trunk
Changes to be committed:
  (use "git restore --staged <file>..." to unstage)
        new file:   terminal-commands.txt


E:\Project\lw3.io-dao.jnr>git branch
* trunk

E:\Project\lw3.io-dao.jnr>git log
commit 92ce5d8c6c68d57a49aebe4efdfce452e672c99c (HEAD -> trunk)
Author: suvrajeet01 <suvrajeetbanerjee34767@gmail.com>
Date:   Sat Mar 25 05:46:01 2023 +0530

    ens

E:\Project\lw3.io-dao.jnr>git log --oneline
92ce5d8 (HEAD -> trunk) ens

E:\Project\lw3.io-dao.jnr>git push -u origin trunk
To https://github.com/suvrajeet01/lw3.io-dao.jnr.git
 ! [rejected]        trunk -> trunk (non-fast-forward)
error: failed to push some refs to 'https://github.com/suvrajeet01/lw3.io-dao.jnr.git'
hint: Updates were rejected because the tip of your current branch is behind
hint: its remote counterpart. Integrate the remote changes (e.g.
hint: 'git pull ...') before pushing again.
hint: See the 'Note about fast-forwards' in 'git push --help' for details.

E:\Project\lw3.io-dao.jnr>git remote -v
origin  https://github.com/suvrajeet01/lw3.io-dao.jnr.git (fetch)
origin  https://github.com/suvrajeet01/lw3.io-dao.jnr.git (push)

E:\Project\lw3.io-dao.jnr>git pull https://github.com/suvrajeet01/lw3.io-dao.jnr --allow-unrelated-histories
From https://github.com/suvrajeet01/lw3.io-dao.jnr
 * branch            HEAD       -> FETCH_HEAD
error: Your local changes to the following files would be overwritten by merge:
  terminal-commands.txt
Merge with strategy ort failed.

E:\Project\lw3.io-dao.jnr>git merge
fatal: No remote for the current branch.

E:\Project\lw3.io-dao.jnr>git branch
* trunk

E:\Project\lw3.io-dao.jnr>git status
On branch trunk
Changes to be committed:
  (use "git restore --staged <file>..." to unstage)
        new file:   terminal-commands.txt


E:\Project\lw3.io-dao.jnr>git commit -m "terminal-commands"
[trunk 4a6707e] terminal-commands
 1 file changed, 0 insertions(+), 0 deletions(-)
 create mode 100644 terminal-commands.txt

E:\Project\lw3.io-dao.jnr>git status
On branch trunk
nothing to commit, working tree clean

E:\Project\lw3.io-dao.jnr>git pull https://github.com/suvrajeet01/lw3.io-dao.jnr --allow-unrelated-histories
From https://github.com/suvrajeet01/lw3.io-dao.jnr
 * branch            HEAD       -> FETCH_HEAD
Merge made by the 'ort' strategy.
 README.md | 2 ++
 1 file changed, 2 insertions(+)
 create mode 100644 README.md

E:\Project\lw3.io-dao.jnr>git status
On branch trunk
nothing to commit, working tree clean

E:\Project\lw3.io-dao.jnr>git push -u origin trunk
Enumerating objects: 31, done.
Counting objects: 100% (31/31), done.
Delta compression using up to 4 threads
Compressing objects: 100% (26/26), done.
Writing objects: 100% (30/30), 52.22 KiB | 5.80 MiB/s, done.
Total 30 (delta 1), reused 0 (delta 0), pack-reused 0
remote: Resolving deltas: 100% (1/1), done.
To https://github.com/suvrajeet01/lw3.io-dao.jnr.git
   9646bd3..1fbe389  trunk -> trunk
branch 'trunk' set up to track 'origin/trunk'.

E:\Project\lw3.io-dao.jnr>git status
On branch trunk
Your branch is up to date with 'origin/trunk'.

nothing to commit, working tree clean

E:\Project\lw3.io-dao.jnr>