Microsoft Windows [Version 10.0.19045.2728]
(c) Microsoft Corporation. All rights reserved.

E:\Project\lw3.io-dao.jnr>git status
On branch trunk
Your branch is up to date with 'origin/trunk'.

Changes to be committed:
  (use "git restore --staged <file>..." to unstage)
        new file:   6.lottery-game_.chainlink/terminal-commands.txt


E:\Project\lw3.io-dao.jnr>git commit -m "chainlink.lottery-game"
[trunk 1a85393] chainlink.lottery-game
 1 file changed, 0 insertions(+), 0 deletions(-)
 create mode 100644 6.lottery-game_.chainlink/terminal-commands.txt

E:\Project\lw3.io-dao.jnr>git status
On branch trunk
Your branch is ahead of 'origin/trunk' by 1 commit.
  (use "git push" to publish your local commits)

nothing to commit, working tree clean

E:\Project\lw3.io-dao.jnr>git push
Enumerating objects: 5, done.
Counting objects: 100% (5/5), done.
Delta compression using up to 4 threads
Compressing objects: 100% (2/2), done.
Writing objects: 100% (4/4), 360 bytes | 120.00 KiB/s, done.
Total 4 (delta 1), reused 0 (delta 0), pack-reused 0
remote: Resolving deltas: 100% (1/1), completed with 1 local object.
To https://github.com/suvrajeet01/lw3.io-dao.jnr.git
   7790efe..1a85393  trunk -> trunk

E:\Project\lw3.io-dao.jnr>













gitpod /workspace/lw3.io-dao.jnr (trunk) $ cd 6.lottery-game_.chainlink/RandomWinnerGame/
gitpod /workspace/lw3.io-dao.jnr/6.lottery-game_.chainlink/RandomWinnerGame (trunk) $ ls -a
.  ..
gitpod /workspace/lw3.io-dao.jnr/6.lottery-game_.chainlink/RandomWinnerGame (trunk) $ mkdir hardhat-tutorial
gitpod /workspace/lw3.io-dao.jnr/6.lottery-game_.chainlink/RandomWinnerGame (trunk) $ cd hardhat-tutorial
gitpod /workspace/lw3.io-dao.jnr/6.lottery-game_.chainlink/RandomWinnerGame/hardhat-tutorial (trunk) $ npm init --yes
Wrote to /workspace/lw3.io-dao.jnr/6.lottery-game_.chainlink/RandomWinnerGame/hardhat-tutorial/package.json:

{
  "name": "hardhat-tutorial",
  "version": "1.0.0",
  "description": "",
  "main": "index.js",
  "scripts": {
    "test": "echo \"Error: no test specified\" && exit 1"
  },
  "keywords": [],
  "author": "",
  "license": "ISC"
}


gitpod /workspace/lw3.io-dao.jnr/6.lottery-game_.chainlink/RandomWinnerGame/hardhat-tutorial (trunk) $ npm install --save-dev hardhat
npx hardhat#######⠂) ⠧ reify:mnemonist: http fetch GET 200 https://registry.npmjs.org/mnemonist/-/mnemonist-0.38.5.tgz 3

added 300 packages, and audited 301 packages in 11s

61 packages are looking for funding
  run `npm fund` for details

found 0 vulnerabilities
npm notice 
npm notice New major version of npm available! 8.19.3 -> 9.6.3
npm notice Changelog: https://github.com/npm/cli/releases/tag/v9.6.3
npm notice Run npm install -g npm@9.6.3 to update!
npm notice 
gitpod /workspace/lw3.io-dao.jnr/6.lottery-game_.chainlink/RandomWinnerGame/hardhat-tutorial (trunk) $ npx hardhat
888    888                      888 888               888
888    888                      888 888               888
888    888                      888 888               888
8888888888  8888b.  888d888 .d88888 88888b.   8888b.  888888
888    888     "88b 888P"  d88" 888 888 "88b     "88b 888
888    888 .d888888 888    888  888 888  888 .d888888 888
888    888 888  888 888    Y88b 888 888  888 888  888 Y88b.
888    888 "Y888888 888     "Y88888 888  888 "Y888888  "Y888

Welcome to Hardhat v2.13.0

✔ What do you want to do? · Create a JavaScript project
✔ Hardhat project root: · /workspace/lw3.io-dao.jnr/6.lottery-game_.chainlink/RandomWinnerGame/hardhat-tutorial
✔ Do you want to add a .gitignore? (Y/n) · y
✔ Help us improve Hardhat with anonymous crash reports & basic usage data? (Y/n) · n
✔ Do you want to install this sample project's dependencies with npm (@nomicfoundation/hardhat-toolbox)? (Y/n) · y

npm install --save-dev @nomicfoundation/hardhat-toolbox@^2.0.0
npm WARN deprecated har-validator@5.1.5: this library is no longer supported
npm WARN deprecated request-promise-native@1.0.9: request-promise-native has been deprecated because it extends the now deprecated request package, see https://github.com/request/request/issues/3142
npm WARN deprecated request@2.88.2: request has been deprecated, see https://github.com/request/request/issues/3142
npm WARN deprecated uuid@3.4.0: Please upgrade  to version 7 or higher.  Older versions may use Math.random() in certain circumstances, which is known to be problematic.  See https://v8.dev/blog/math-random for details.
npm WARN deprecated debug@3.2.6: Debug versions >=3.2.0 <3.2.7 || >=4 <4.3.1 have a low-severity ReDos regression when used in a Node.js environment. It is recommended you upgrade to 3.2.7 or 4.3.1. (https://github.com/visionmedia/debug/issues/797)
npm WARN deprecated uuid@2.0.1: Please upgrade  to version 7 or higher.  Older versions may use Math.random() in certain circumstances, which is known to be problematic.  See https://v8.dev/blog/math-random for details.
npm WARN deprecated debug@3.2.6: Debug versions >=3.2.0 <3.2.7 || >=4 <4.3.1 have a low-severity ReDos regression when used in a Node.js environment. It is recommended you upgrade to 3.2.7 or 4.3.1. (https://github.com/visionmedia/debug/issues/797)

added 407 packages, and audited 708 packages in 13s

123 packages are looking for funding
  run `npm fund` for details

11 vulnerabilities (4 moderate, 4 high, 3 critical)

To address issues that do not require attention, run:
  npm audit fix

To address all issues (including breaking changes), run:
  npm audit fix --force

Run `npm audit` for details.

Project created

See the README.md file for some example tasks you can run

Give Hardhat a star on Github if you're enjoying it!

     https://github.com/NomicFoundation/hardhat
gitpod /workspace/lw3.io-dao.jnr/6.lottery-game_.chainlink/RandomWinnerGame/hardhat-tutorial (trunk) $ npm install -g npm@9.6.3

removed 13 packages, changed 98 packages, and audited 238 packages in 5s

18 packages are looking for funding
  run `npm fund` for details

found 0 vulnerabilities
gitpod /workspace/lw3.io-dao.jnr/6.lottery-game_.chainlink/RandomWinnerGame/hardhat-tutorial (trunk) $ npm install @openzeppelin/contracts

added 1 package, and audited 709 packages in 2s

123 packages are looking for funding
  run `npm fund` for details

11 vulnerabilities (4 moderate, 4 high, 3 critical)

To address issues that do not require attention, run:
  npm audit fix

To address all issues (including breaking changes), run:
  npm audit fix --force

Run `npm audit` for details.
gitpod /workspace/lw3.io-dao.jnr/6.lottery-game_.chainlink/RandomWinnerGame/hardhat-tutorial (trunk) $ npm install --save @chainlink/contracts

added 7 packages, and audited 716 packages in 3s

123 packages are looking for funding
  run `npm fund` for details

13 vulnerabilities (4 moderate, 6 high, 3 critical)

To address issues that do not require attention, run:
  npm audit fix

To address all issues (including breaking changes), run:
  npm audit fix --force

Run `npm audit` for details.
gitpod /workspace/lw3.io-dao.jnr/6.lottery-game_.chainlink/RandomWinnerGame/hardhat-tutorial (trunk) $ clear




gitpod /workspace/lw3.io-dao.jnr (trunk) $ cd 
1.ens/                      3.etherscan-verification/   5.ceramic.network/          .git/
2.testing-contract-locally/ 4.nft.ipfs/                 6.lottery-game_.chainlink/  
gitpod /workspace/lw3.io-dao.jnr (trunk) $ cd 6.lottery-game_.chainlink/RandomWinnerGame/hardhat-tutorial/
gitpod /workspace/lw3.io-dao.jnr/6.lottery-game_.chainlink/RandomWinnerGame/hardhat-tutorial (trunk) $ npm install dotenv

up to date, audited 717 packages in 2s

123 packages are looking for funding
  run `npm fund` for details

13 vulnerabilities (4 moderate, 6 high, 3 critical)

To address issues that do not require attention, run:
  npm audit fix

To address all issues (including breaking changes), run:
  npm audit fix --force

Run `npm audit` for details.
npm notice 
npm notice New major version of npm available! 8.19.3 -> 9.6.3
npm notice Changelog: https://github.com/npm/cli/releases/tag/v9.6.3
npm notice Run npm install -g npm@9.6.3 to update!
npm notice 
gitpod /workspace/lw3.io-dao.jnr/6.lottery-game_.chainlink/RandomWinnerGame/hardhat-tutorial (trunk) $ npm install -g npm@9.6.3

removed 13 packages, changed 98 packages, and audited 238 packages in 4s

18 packages are looking for funding
  run `npm fund` for details

found 0 vulnerabilities
gitpod /workspace/lw3.io-dao.jnr/6.lottery-game_.chainlink/RandomWinnerGame/hardhat-tutorial (trunk) $ clear






gitpod /workspace/lw3.io-dao.jnr/6.lottery-game_.chainlink/RandomWinnerGame/hardhat-tutorial (trunk) $ touch .env
gitpod /workspace/lw3.io-dao.jnr/6.lottery-game_.chainlink/RandomWinnerGame/hardhat-tutorial (trunk) $ npx hardhat compile
Downloading compiler 0.8.4
Compiled 7 Solidity files successfully
gitpod /workspace/lw3.io-dao.jnr/6.lottery-game_.chainlink/RandomWinnerGame/hardhat-tutorial (trunk) $ npx hardhat run scripts/deploy.js --network mumbai
Verify Contract Address: 0x797548c3679d797275c4DEC5a28A52841DDD5782
Sleeping.....
The contract 0x797548c3679d797275c4DEC5a28A52841DDD5782 has already been verified
gitpod /workspace/lw3.io-dao.jnr/6.lottery-game_.chainlink/RandomWinnerGame/hardhat-tutorial (trunk) $ clear











gitpod /workspace/lw3.io-dao.jnr/6.lottery-game_.chainlink/RandomWinnerGame/hardhat-tutorial (trunk) $ git status
On branch trunk
Your branch is up to date with 'origin/trunk'.

Changes not staged for commit:
  (use "git add <file>..." to update what will be committed)
  (use "git restore <file>..." to discard changes in working directory)
        modified:   ../../terminal-commands.txt

Untracked files:
  (use "git add <file>..." to include in what will be committed)
        ../
        ../../contract-address

no changes added to commit (use "git add" and/or "git commit -a")
gitpod /workspace/lw3.io-dao.jnr/6.lottery-game_.chainlink/RandomWinnerGame/hardhat-tutorial (trunk) $ cd ../..
gitpod /workspace/lw3.io-dao.jnr/6.lottery-game_.chainlink (trunk) $ gti status
bash: gti: command not found
gitpod /workspace/lw3.io-dao.jnr/6.lottery-game_.chainlink (trunk) $ git status
On branch trunk
Your branch is up to date with 'origin/trunk'.

Changes not staged for commit:
  (use "git add <file>..." to update what will be committed)
  (use "git restore <file>..." to discard changes in working directory)
        modified:   terminal-commands.txt

Untracked files:
  (use "git add <file>..." to include in what will be committed)
        RandomWinnerGame/
        contract-address

no changes added to commit (use "git add" and/or "git commit -a")
gitpod /workspace/lw3.io-dao.jnr/6.lottery-game_.chainlink (trunk) $ git add .
gitpod /workspace/lw3.io-dao.jnr/6.lottery-game_.chainlink (trunk) $ git status
On branch trunk
Your branch is up to date with 'origin/trunk'.

Changes to be committed:
  (use "git restore --staged <file>..." to unstage)
        new file:   RandomWinnerGame/hardhat-tutorial/.gitignore
        new file:   RandomWinnerGame/hardhat-tutorial/README.md
        new file:   RandomWinnerGame/hardhat-tutorial/constants/index.js
        new file:   RandomWinnerGame/hardhat-tutorial/contracts/Lock.sol
        new file:   RandomWinnerGame/hardhat-tutorial/contracts/RandomWinnerGame.sol
        new file:   RandomWinnerGame/hardhat-tutorial/hardhat.config.js
        new file:   RandomWinnerGame/hardhat-tutorial/package-lock.json
        new file:   RandomWinnerGame/hardhat-tutorial/package.json
        new file:   RandomWinnerGame/hardhat-tutorial/scripts/deploy.js
        new file:   RandomWinnerGame/hardhat-tutorial/test/Lock.js
        new file:   contract-address
        modified:   terminal-commands.txt

gitpod /workspace/lw3.io-dao.jnr/6.lottery-game_.chainlink (trunk) $ git commit -m "chainlink.lottery-game"
[trunk 5744cab] chainlink.lottery-game
 12 files changed, 17208 insertions(+)
 create mode 100644 6.lottery-game_.chainlink/RandomWinnerGame/hardhat-tutorial/.gitignore
 create mode 100644 6.lottery-game_.chainlink/RandomWinnerGame/hardhat-tutorial/README.md
 create mode 100644 6.lottery-game_.chainlink/RandomWinnerGame/hardhat-tutorial/constants/index.js
 create mode 100644 6.lottery-game_.chainlink/RandomWinnerGame/hardhat-tutorial/contracts/Lock.sol
 create mode 100644 6.lottery-game_.chainlink/RandomWinnerGame/hardhat-tutorial/contracts/RandomWinnerGame.sol
 create mode 100644 6.lottery-game_.chainlink/RandomWinnerGame/hardhat-tutorial/hardhat.config.js
 create mode 100644 6.lottery-game_.chainlink/RandomWinnerGame/hardhat-tutorial/package-lock.json
 create mode 100644 6.lottery-game_.chainlink/RandomWinnerGame/hardhat-tutorial/package.json
 create mode 100644 6.lottery-game_.chainlink/RandomWinnerGame/hardhat-tutorial/scripts/deploy.js
 create mode 100644 6.lottery-game_.chainlink/RandomWinnerGame/hardhat-tutorial/test/Lock.js
 create mode 100644 6.lottery-game_.chainlink/contract-address
gitpod /workspace/lw3.io-dao.jnr/6.lottery-game_.chainlink (trunk) $ git status
On branch trunk
Your branch is ahead of 'origin/trunk' by 1 commit.
  (use "git push" to publish your local commits)

nothing to commit, working tree clean
gitpod /workspace/lw3.io-dao.jnr/6.lottery-game_.chainlink (trunk) $ 